[help.semafora-systems.com/index.html]
[backblue.gif]
[fade.gif]
[index.html]
[help.semafora-systems.com/ontoprise_navigation.js]
[help.semafora-systems.com/about_the_ontoprise_helpsystem.html]
[help.semafora-systems.com/ontoprise_headerframe.html]
[help.semafora-systems.com/ontoprise_content_static.html]
[help.semafora-systems.com/footer.html]
[help.semafora-systems.com/index.html]
[help.semafora-systems.com/default.css]
[help.semafora-systems.com/helpman_topicinit.js]
[help.semafora-systems.com/indexef38.html]
[help.semafora-systems.com/highlight.js]
[help.semafora-systems.com/top.gif]
[help.semafora-systems.com/installing_ontostudio.html]
[help.semafora-systems.com/next.gif]
[help.semafora-systems.com/print.gif]
[help.semafora-systems.com/about_the_ontoprise_helpsystem.html]
[help.semafora-systems.com/Logo_negativ.png]
[help.semafora-systems.com/ontoprise_headerframe.html]
[help.semafora-systems.com/null]
[help.semafora-systems.com/ontoprise_kwindex_static.html]
[help.semafora-systems.com/minus.gif]
[help.semafora-systems.com/uninstall.html]
[help.semafora-systems.com/start_ontostudio.html]
[help.semafora-systems.com/user_interface_of_ontostudio.html]
[help.semafora-systems.com/aditional_information.html]
[help.semafora-systems.com/preferences_menu.html]
[help.semafora-systems.com/adding_comments_and_labels.html]
[help.semafora-systems.com/ontostudio_extension_points.html]
[help.semafora-systems.com/extendabletreeprovider.html]
[help.semafora-systems.com/extendabledrophandler_exte.html]
[help.semafora-systems.com/entityproperties_extension.html]
[help.semafora-systems.com/org_neontoolkit_gui_extandable.html]
[help.semafora-systems.com/org_neontoolkit_gui_extandabl2.html]
[help.semafora-systems.com/org_neontoolkit_gui_entityprop.html]
[help.semafora-systems.com/ontostudio_mapping_extension_p.html]
[help.semafora-systems.com/ontomapmappingtransformationed.html]
[help.semafora-systems.com/ontomapcomplexmappingextension.html]
[help.semafora-systems.com/birt.html]
[help.semafora-systems.com/creating_a_report_with_birt.html]
[help.semafora-systems.com/deploying_a_report_on_tomcat.html]
[help.semafora-systems.com/input_parameters_for_birt.html]
[help.semafora-systems.com/creating_a_report_displaying_a.html]
[help.semafora-systems.com/f_logic_perspective.html]
[help.semafora-systems.com/ontology_navigator.html]
[help.semafora-systems.com/entity_properties.html]
[help.semafora-systems.com/objectlogic_concepts.html]
[help.semafora-systems.com/objectlogic_instances.html]
[help.semafora-systems.com/objectlogic_relations.html]
[help.semafora-systems.com/ontology_validation.html]
[help.semafora-systems.com/f_logic_editor.html]
[help.semafora-systems.com/ontology_visualizer.html]
[help.semafora-systems.com/graph_view.html]
[help.semafora-systems.com/collaboration.html]
[help.semafora-systems.com/webservices.html]
[help.semafora-systems.com/graphical_rule_editor.html]
[help.semafora-systems.com/rule_activation.html]
[help.semafora-systems.com/explanation_editor.html]
[help.semafora-systems.com/materialization_of_rules.html]
[help.semafora-systems.com/graphical_rule_editor2.html]
[help.semafora-systems.com/rule_debug_perspective.html]
[help.semafora-systems.com/rule_graph.html]
[help.semafora-systems.com/rule_body_view.html]
[help.semafora-systems.com/tuples.html]
[help.semafora-systems.com/debug_monitor.html]
[help.semafora-systems.com/creating_and_executing_a_query.html]
[help.semafora-systems.com/reading_and_editing.html]
[help.semafora-systems.com/editing_options.html]
[help.semafora-systems.com/query_results.html]
[help.semafora-systems.com/copying_rules.html]
[help.semafora-systems.com/textual_queries.html]
[help.semafora-systems.com/regression_test_runner.html]
[help.semafora-systems.com/genetic_optimize.html]
[help.semafora-systems.com/optimization_results.html]
[help.semafora-systems.com/import_function.html]
[help.semafora-systems.com/file_system_import.html]
[help.semafora-systems.com/webdav_import.html]
[help.semafora-systems.com/edit_webdav.html]
[help.semafora-systems.com/database_schema_import.html]
[help.semafora-systems.com/importing_a_database_schema.html]
[help.semafora-systems.com/editing_a_database_connection.html]
[help.semafora-systems.com/adding_new_schemas_and_tables.html]
[help.semafora-systems.com/installing_jdbc_driver.html]
[help.semafora-systems.com/importing_oracle_rdf.html]
[help.semafora-systems.com/meta_data_import.html]
[help.semafora-systems.com/outlook_import.html]
[help.semafora-systems.com/ob_schema_import.html]
[help.semafora-systems.com/uml_import.html]
[help.semafora-systems.com/how_to_visualize_an_ontology_v.html]
[help.semafora-systems.com/export_function.html]
[help.semafora-systems.com/file_system_export.html]
[help.semafora-systems.com/export_webdav.html]
[help.semafora-systems.com/export_uml.html]
[help.semafora-systems.com/mapping.html]
[help.semafora-systems.com/excel_annotation.html]
[help.semafora-systems.com/installation_process.html]
[help.semafora-systems.com/ontology_languages.html]
[help.semafora-systems.com/introduction.html]
[help.semafora-systems.com/new_and_noteworthy.html]
[help.semafora-systems.com/configuration_rdf.html]
[help.semafora-systems.com/api_2.html]
[help.semafora-systems.com/by_example.html]
[help.semafora-systems.com/sparql_query.html]
[help.semafora-systems.com/boolean_queries.html]
[help.semafora-systems.com/graph_queries.html]
[help.semafora-systems.com/sparql_update.html]
[help.semafora-systems.com/factory_overview.html]
[help.semafora-systems.com/supported_formats.html]
[help.semafora-systems.com/internal_model_and_round_tripp.html]
[help.semafora-systems.com/inferencing.html]
[help.semafora-systems.com/sparql_rdf.html]
[help.semafora-systems.com/error_handling.html]
[help.semafora-systems.com/standard_conformance.html]
[help.semafora-systems.com/extension_functions.html]
[help.semafora-systems.com/extended_query_options.html]
[help.semafora-systems.com/sparql_endpoint.html]
[help.semafora-systems.com/queries.html]
[help.semafora-systems.com/updates.html]
[help.semafora-systems.com/faq.html]
[help.semafora-systems.com/ontobroker_gui.html]
[help.semafora-systems.com/adminsitration_console.html]
[help.semafora-systems.com/webconsole.html]
[help.semafora-systems.com/converting_ontologies.html]
[help.semafora-systems.com/storage_systems.html]
[help.semafora-systems.com/data_integration.html]
[help.semafora-systems.com/integration_scenario.html]
[help.semafora-systems.com/supported_common_datatypes.html]
[help.semafora-systems.com/web_service_connector.html]
[help.semafora-systems.com/sparql_connectors.html]
[help.semafora-systems.com/supported_import_formats.html]
[help.semafora-systems.com/query_languages_for_f_logic_on.html]
[help.semafora-systems.com/f_logic.html]
[help.semafora-systems.com/query_options.html]
[help.semafora-systems.com/handling_of_null_values.html]
[help.semafora-systems.com/ordering_query_results.html]
[help.semafora-systems.com/sorting_query_results.html]
[help.semafora-systems.com/skip_sending_answers.html]
[help.semafora-systems.com/limit_the_number_of_results.html]
[help.semafora-systems.com/tracing_and_debugging.html]
[help.semafora-systems.com/turn_inferencing_off.html]
[help.semafora-systems.com/profile.html]
[help.semafora-systems.com/ignore_imports.html]
[help.semafora-systems.com/distinct.html]
[help.semafora-systems.com/offset.html]
[help.semafora-systems.com/maximal_query_evaluation_time.html]
[help.semafora-systems.com/tracing_and_profiling.html]
[help.semafora-systems.com/add_an_evaluation_method.html]
[help.semafora-systems.com/provenance_option_for_queries.html]
[help.semafora-systems.com/query_option_explain.html]
[help.semafora-systems.com/userrulesoff.html]
[help.semafora-systems.com/query_option_reduced.html]
[help.semafora-systems.com/query_option_profileall.html]
[help.semafora-systems.com/sparql.html]
[help.semafora-systems.com/run_queries_by_query_id.html]
[help.semafora-systems.com/rif.html]
[help.semafora-systems.com/overview.html]
[help.semafora-systems.com/mappingrif.html]
[help.semafora-systems.com/annotations_and_formula_ids.html]
[help.semafora-systems.com/forall_closing.html]
[help.semafora-systems.com/modules.html]
[help.semafora-systems.com/unsupported_objectlogic_featur.html]
[help.semafora-systems.com/allowed_rif_formulas.html]
[help.semafora-systems.com/partially_supported_rif_featur.html]
[help.semafora-systems.com/unsupported_rif_features.html]
[help.semafora-systems.com/import.html]
[help.semafora-systems.com/export.html]
[help.semafora-systems.com/project_files.html]
[help.semafora-systems.com/basic_examples.html]
[help.semafora-systems.com/load_an_ontology_file_into_a_s.html]
[help.semafora-systems.com/performance_optimization_with_.html]
[help.semafora-systems.com/materialization.html]
[help.semafora-systems.com/basic_usage.html]
[help.semafora-systems.com/standard_materialization.html]
[help.semafora-systems.com/updatable_materialization.html]
[help.semafora-systems.com/materialization_commands.html]
[help.semafora-systems.com/trace_the_materialization.html]
[help.semafora-systems.com/all_configuration_options.html]
[help.semafora-systems.com/materialization_with_the_api.html]
[help.semafora-systems.com/materialization_of_standard_ax.html]
[help.semafora-systems.com/interfaces_to_ontobroker.html]
[help.semafora-systems.com/socket_client_api.html]
[help.semafora-systems.com/ontobroker_java_api.html]
[help.semafora-systems.com/ontology_management.html]
[help.semafora-systems.com/retrieval.html]
[help.semafora-systems.com/queries_java_obs.html]
[help.semafora-systems.com/requests.html]
[help.semafora-systems.com/concept_hierarchy.html]
[help.semafora-systems.com/modifications.html]
[help.semafora-systems.com/datamodel_listener.html]
[help.semafora-systems.com/autocomplete.html]
[help.semafora-systems.com/progress_listener.html]
[help.semafora-systems.com/namespaces_and_modules.html]
[help.semafora-systems.com/ontobroker_and_web_services_so.html]
[help.semafora-systems.com/web_service_operations.html]
[help.semafora-systems.com/details_about_query_input_and_.html]
[help.semafora-systems.com/deployment.html]
[help.semafora-systems.com/load_balancing_for_web_service.html]
[help.semafora-systems.com/paging_support_for_web_service.html]
[help.semafora-systems.com/_extensions_directory_to_deplo.html]
[help.semafora-systems.com/web_service_interface.html]
[help.semafora-systems.com/accessing_web_service_with__ne.html]
[help.semafora-systems.com/accessing_web_service_with_jav.html]
[help.semafora-systems.com/using_the_extension_api_to_dev.html]
[help.semafora-systems.com/making_new_built_ins_known_to_.html]
[help.semafora-systems.com/extensions_directory_to_deploy.html]
[help.semafora-systems.com/writing_a_built_in_for_ontobro.html]
[help.semafora-systems.com/the_isnumber_example_built_in.html]
[help.semafora-systems.com/the_multiply_example_built_in.html]
[help.semafora-systems.com/a_connector_built_in.html]
[help.semafora-systems.com/important_note_for_datatype_co.html]
[help.semafora-systems.com/important_note_for_floating_po.html]
[help.semafora-systems.com/important_note_for_number_usag.html]
[help.semafora-systems.com/list_of_possible_signature_typ.html]
[help.semafora-systems.com/list_of_predefined_grounds.html]
[help.semafora-systems.com/developing_own_rewriters.html]
[help.semafora-systems.com/extensions_directory_to_deplo2.html]
[help.semafora-systems.com/extensions_directory_to_deplo3.html]
[help.semafora-systems.com/uima.html]
[help.semafora-systems.com/use_cases.html]
[help.semafora-systems.com/using_ontobroker_as_cas_consum.html]
[help.semafora-systems.com/cas_consumer_deployment.html]
[help.semafora-systems.com/importing_uima_facts_into_a_do.html]
[help.semafora-systems.com/role_based_security.html]
[help.semafora-systems.com/role_based_security2.html]
[help.semafora-systems.com/realms.html]
[help.semafora-systems.com/module_permissions.html]
[help.semafora-systems.com/property_permissions.html]
[help.semafora-systems.com/basic_configuration.html]
[help.semafora-systems.com/authentication_login.html]
[help.semafora-systems.com/configuration_of_the_security_.html]
[help.semafora-systems.com/modeling_the_security_module_r.html]
[help.semafora-systems.com/mapping_groups_and_roles_from_.html]
[help.semafora-systems.com/access_restrictions_for_comman.html]
[help.semafora-systems.com/support_for_multiple_principal.html]
[help.semafora-systems.com/other_access_restrictions.html]
[help.semafora-systems.com/permissions.html]
[help.semafora-systems.com/custom_permissions.html]
[help.semafora-systems.com/terminology_glossary.html]
[help.semafora-systems.com/configuring_ontobroker.html]
[help.semafora-systems.com/configuration_gui.html]
[help.semafora-systems.com/parallelization_settings.html]
[help.semafora-systems.com/genetic_optimizer.html]
[help.semafora-systems.com/eliminateduplicates.html]
[help.semafora-systems.com/conceptnamesground.html]
[help.semafora-systems.com/attributenamesground.html]
[help.semafora-systems.com/wellfounded_evaluation.html]
[help.semafora-systems.com/using_ontobroker_with_a_persis.html]
[help.semafora-systems.com/configuration.html]
[help.semafora-systems.com/database_file_layout.html]
[help.semafora-systems.com/configuration_values_for_perfo.html]
[help.semafora-systems.com/backup.html]
[help.semafora-systems.com/online_backup.html]
[help.semafora-systems.com/configuration_switches_for_the.html]
[help.semafora-systems.com/ontobroker_performance_tuning.html]
[help.semafora-systems.com/evaluation_methods.html]
[help.semafora-systems.com/bottomup.html]
[help.semafora-systems.com/magicset.html]
[help.semafora-systems.com/disjunctivemagicset.html]
[help.semafora-systems.com/dynamicfiltering2.html]
[help.semafora-systems.com/choose.html]
[help.semafora-systems.com/bottomup_evaluators.html]
[help.semafora-systems.com/bottomup__evaluator.html]
[help.semafora-systems.com/dbbottomup_evaluator.html]
[help.semafora-systems.com/choosing_a_storage_system_eval.html]
[help.semafora-systems.com/persistent_storage_systems.html]
[help.semafora-systems.com/ram_storage_systems.html]
[help.semafora-systems.com/config_optimizer.html]
[help.semafora-systems.com/optimizers.html]
[help.semafora-systems.com/eliminate_redundant_literals.html]
[help.semafora-systems.com/propagate_constraints.html]
[help.semafora-systems.com/strong_unfolder.html]
[help.semafora-systems.com/equal_unify_rewriter.html]
[help.semafora-systems.com/shrinkdbaccess_rewriter_for_ex.html]
[help.semafora-systems.com/fltosqlrewriter_rewriter_for_e.html]
[help.semafora-systems.com/rewriter_for_propagation_of_gr.html]
[help.semafora-systems.com/schema_optimizer.html]
[help.semafora-systems.com/eliminate_bodies.html]
[help.semafora-systems.com/frameoptimizer.html]
[help.semafora-systems.com/rewriter_for_transitivity_rule.html]
[help.semafora-systems.com/mergeimports.html]
[help.semafora-systems.com/optimize_the_sequence_of_body_.html]
[help.semafora-systems.com/use_the_genetic_optimizer.html]
[help.semafora-systems.com/hillclimbing_optimizer.html]
[help.semafora-systems.com/bodyordering.html]
[help.semafora-systems.com/tracing_the_evaluation_process.html]
[help.semafora-systems.com/use_materialization_of_rules_a.html]
[help.semafora-systems.com/rule_management.html]
[help.semafora-systems.com/explanations.html]
[help.semafora-systems.com/file_encodings_and_unicode.html]
[help.semafora-systems.com/launching_ontobroker.html]
[help.semafora-systems.com/new_configuration_parameters.html]
[help.semafora-systems.com/use_the_ontobroker_server_from.html]
[help.semafora-systems.com/server_commands.html]
[help.semafora-systems.com/basic_commands.html]
[help.semafora-systems.com/prepared_queries2.html]
[help.semafora-systems.com/optimizer_commands.html]
[help.semafora-systems.com/server_commands_for_configurat.html]
[help.semafora-systems.com/load_save.html]
[help.semafora-systems.com/drop_module.html]
[help.semafora-systems.com/delete_rule.html]
[help.semafora-systems.com/sessions_in_ontobroker.html]
[help.semafora-systems.com/execute_groovy_scripts.html]
[help.semafora-systems.com/query_tool.html]
[help.semafora-systems.com/ontobroker_tools.html]
[help.semafora-systems.com/ontology_transformation.html]
[help.semafora-systems.com/throughput_benchmark.html]
[help.semafora-systems.com/range_restricted_rules.html]
[help.semafora-systems.com/built_ins_new.html]
[help.semafora-systems.com/information_about__queryindex_.html]
[help.semafora-systems.com/objectlogic_built_ins.html]
[help.semafora-systems.com/general_syntactic_changes.html]
[help.semafora-systems.com/data_types_.html]
[help.semafora-systems.com/properties_settings.html]
[help.semafora-systems.com/start_up_settings.html]
[help.semafora-systems.com/optimizer_settings.html]
[help.semafora-systems.com/tracing_and_debugging_settings.html]
[help.semafora-systems.com/performance_related_settings.html]
[help.semafora-systems.com/security_authentication__autho.html]
[help.semafora-systems.com/parallelization_settings2.html]
[help.semafora-systems.com/materialization_settings.html]
[help.semafora-systems.com/logging_related_settings.html]
[help.semafora-systems.com/server_settings.html]
[help.semafora-systems.com/h__storage_options.html]
[help.semafora-systems.com/fulltext_indexer_settings.html]
[help.semafora-systems.com/custom_index_fields2.html]
[help.semafora-systems.com/connector_cache_options.html]
[help.semafora-systems.com/logging_configuration.html]
[help.semafora-systems.com/event_and_user_action_logging.html]
[help.semafora-systems.com/step_by_step_guide.html]
[help.semafora-systems.com/removed_ontology_language_from.html]
[help.semafora-systems.com/query_id_as_identifier_in_body.html]
[help.semafora-systems.com/changed_behavior_related_to_di.html]
[help.semafora-systems.com/backward_incompatibility_for_o.html]
[help.semafora-systems.com/changed_term_tostring_to_retur.html]
[help.semafora-systems.com/ontology_deleted_event_on_clos.html]
[help.semafora-systems.com/custom_datatypes.html]
[help.semafora-systems.com/deactivated_swrl_support_.html]
[help.semafora-systems.com/excel_connector.html]
[help.semafora-systems.com/changes_in_metadata_attribute_.html]
[help.semafora-systems.com/module_information_is_now_prov.html]
[help.semafora-systems.com/ob_connector.html]
[help.semafora-systems.com/removed_f_logic_releated_metho.html]
[help.semafora-systems.com/ol_rdf_transformation.html]
[help.semafora-systems.com/optimizer_parameter_changed.html]
[help.semafora-systems.com/loading_owl_in_objectlogic_ont.html]
[help.semafora-systems.com/transformation_between_owl_and.html]
[help.semafora-systems.com/rdfs_axiomatization.html]
[help.semafora-systems.com/rdfs_axiomatization2.html]
[help.semafora-systems.com/removed_kaon2_based_owl_reason.html]
[help.semafora-systems.com/removed_ontology_language_fro2.html]
[help.semafora-systems.com/supported_syntax_on_the_api_le.html]
[help.semafora-systems.com/removed_ontology_language_info.html]
[help.semafora-systems.com/removed_ontology_from_uriutili.html]
[help.semafora-systems.com/sparql_blank_nodes.html]
[help.semafora-systems.com/sparql_in_objectlogic.html]
[help.semafora-systems.com/sparql_in_objectlogic2.html]
[help.semafora-systems.com/snapshot_commands.html]
[help.semafora-systems.com/transformation_between_owl_an2.html]
[help.semafora-systems.com/updated_to_owl_api_3_2.html]
[help.semafora-systems.com/transformation_between_owl_an3.html]
[help.semafora-systems.com/database_schema_import_changed.html]
[help.semafora-systems.com/querydefinition_distinguishedv.html]
[help.semafora-systems.com/connector_tuple_cache_changes_.html]
[help.semafora-systems.com/connector_tracing_options_were.html]
[help.semafora-systems.com/example.html]
[help.semafora-systems.com/syntax__basic_statements_.html]
[help.semafora-systems.com/schema_level_statements_.html]
[help.semafora-systems.com/subclass_of_statements_.html]
[help.semafora-systems.com/classes_without_any_methods_.html]
[help.semafora-systems.com/signature_statements_.html]
[help.semafora-systems.com/instance_level_statements_.html]
[help.semafora-systems.com/instance_of_statements_.html]
[help.semafora-systems.com/signature_statements_on_instan.html]
[help.semafora-systems.com/f_molecules_.html]
[help.semafora-systems.com/predicates.html]
[help.semafora-systems.com/basic_syntax_elements.html]
[help.semafora-systems.com/terms_.html]
[help.semafora-systems.com/lists.html]
[help.semafora-systems.com/examples.html]
[help.semafora-systems.com/namespaces_in_objectlogic_.html]
[help.semafora-systems.com/declaring_namespaces_.html]
[help.semafora-systems.com/default_namespace_.html]
[help.semafora-systems.com/using_namespaces_in_objectlogi.html]
[help.semafora-systems.com/querying_for_namespaces_.html]
[help.semafora-systems.com/built_in_features_.html]
[help.semafora-systems.com/numbers__comparisons_and_arith.html]
[help.semafora-systems.com/string_handling_.html]
[help.semafora-systems.com/aggregations_.html]
[help.semafora-systems.com/rules_and_queries_.html]
[help.semafora-systems.com/rules.html]
[help.semafora-systems.com/queries_tut.html]
[help.semafora-systems.com/range_restriction_.html]
[help.semafora-systems.com/quantifier_scoping_.html]
[help.semafora-systems.com/modules_.html]
[help.semafora-systems.com/taxonomy.html]
[help.semafora-systems.com/query.html]
[help.semafora-systems.com/transitivity_of_subclass_relat.html]
[help.semafora-systems.com/query_options_tut.html]
[help.semafora-systems.com/property.html]
[help.semafora-systems.com/attribute.html]
[help.semafora-systems.com/data_types.html]
[help.semafora-systems.com/geographic_coordinates.html]
[help.semafora-systems.com/relations.html]
[help.semafora-systems.com/individuals.html]
[help.semafora-systems.com/property_values.html]
[help.semafora-systems.com/rules_tut.html]
[help.semafora-systems.com/namespaces.html]
[help.semafora-systems.com/paths.html]
[help.semafora-systems.com/modules_tut.html]
[help.semafora-systems.com/built_in_features.html]
[help.semafora-systems.com/constraints_tut.html]
[help.semafora-systems.com/annotations.html]
[help.semafora-systems.com/annotations_for_objectlogic_mo.html]
[help.semafora-systems.com/constants.html]
[help.semafora-systems.com/variables.html]
[help.semafora-systems.com/functions_tut.html]
[help.semafora-systems.com/lists_tutorial.html]
[help.semafora-systems.com/map_data_type.html]
[help.semafora-systems.com/null_value.html]
[help.semafora-systems.com/anonymous_oids.html]
[help.semafora-systems.com/current_module_tut.html]
[help.semafora-systems.com/ontoprise_content_static.html]
[help.semafora-systems.com/footer.html]
[help.semafora-systems.com/default.css]
[help.semafora-systems.com/indexef38.html]
[help.semafora-systems.com/indexe976.html]
[help.semafora-systems.com/previous.gif]
[help.semafora-systems.com/installing_ontostudio.html]
[help.semafora-systems.com/null.html]
[help.semafora-systems.com/ciconidx.gif]
[help.semafora-systems.com/ontoprise_kwindex_static.html]
[help.semafora-systems.com/indexf027.html]
[help.semafora-systems.com/uninstall.html]
[help.semafora-systems.com/index61d2.html]
[help.semafora-systems.com/clip0010.png]
[help.semafora-systems.com/clip0011.png]
[help.semafora-systems.com/clip0012.png]
[help.semafora-systems.com/start_ontostudio.html]
[help.semafora-systems.com/index91a9.html]
[help.semafora-systems.com/clip0013.png]
[help.semafora-systems.com/clip0015.png]
[help.semafora-systems.com/clip548.png]
[help.semafora-systems.com/clip0489.png]
[help.semafora-systems.com/clip0014.png]
[help.semafora-systems.com/clip549.png]
[help.semafora-systems.com/clip0018.png]
[help.semafora-systems.com/clip0019.png]
[help.semafora-systems.com/clip0022.png]
[help.semafora-systems.com/clip0023.png]
[help.semafora-systems.com/clip0024.png]
[help.semafora-systems.com/user_interface_of_ontostudio.html]
[help.semafora-systems.com/index2446.html]
[help.semafora-systems.com/aditional_information.html]
[help.semafora-systems.com/indexfdaa.html]
[help.semafora-systems.com/clip0544.png]
[help.semafora-systems.com/clip0034.png]
[help.semafora-systems.com/clip0546.png]
[help.semafora-systems.com/clip0468.png]
[help.semafora-systems.com/clip0036.png]
[help.semafora-systems.com/clip0038.png]
[help.semafora-systems.com/clip0496.png]
[help.semafora-systems.com/clip0499.png]
[help.semafora-systems.com/clip0500.png]
[help.semafora-systems.com/clip0039.png]
[help.semafora-systems.com/clip0035.png]
[help.semafora-systems.com/clip0484.png]
[help.semafora-systems.com/clip0485.png]
[help.semafora-systems.com/clip0045.png]
[help.semafora-systems.com/clip0046.png]
[help.semafora-systems.com/clip0047.png]
[help.semafora-systems.com/clip0043.png]
[help.semafora-systems.com/preferences_menu.html]
[help.semafora-systems.com/indexb143.html]
[help.semafora-systems.com/clip567.png]
[help.semafora-systems.com/adding_comments_and_labels.html]
[help.semafora-systems.com/indexc8cf.html]
[help.semafora-systems.com/ontostudio_extension_points.html]
[help.semafora-systems.com/indexf815.html]
[help.semafora-systems.com/extendabletreeprovider.html]
[help.semafora-systems.com/index0fde.html]
[help.semafora-systems.com/extendabledrophandler_exte.html]
[help.semafora-systems.com/index9ffe.html]
[help.semafora-systems.com/entityproperties_extension.html]
[help.semafora-systems.com/index2710.html]
[help.semafora-systems.com/org_neontoolkit_gui_extandable.html]
[help.semafora-systems.com/index3efc.html]
[help.semafora-systems.com/org_neontoolkit_gui_extandabl2.html]
[help.semafora-systems.com/indexf0cf.html]
[help.semafora-systems.com/org_neontoolkit_gui_entityprop.html]
[help.semafora-systems.com/index8b87.html]
[help.semafora-systems.com/ontostudio_mapping_extension_p.html]
[help.semafora-systems.com/index7798.html]
[help.semafora-systems.com/ontomapmappingtransformationed.html]
[help.semafora-systems.com/indexa232.html]
[help.semafora-systems.com/ontomapcomplexmappingextension.html]
[help.semafora-systems.com/indexb5a5.html]
[help.semafora-systems.com/birt.html]
[help.semafora-systems.com/index4e0a.html]
[help.semafora-systems.com/clip0392.png]
[help.semafora-systems.com/clip0393.png]
[help.semafora-systems.com/clip0395.png]
[help.semafora-systems.com/clip0396.png]
[help.semafora-systems.com/clip0397.png]
[help.semafora-systems.com/clip0398.png]
[help.semafora-systems.com/clip0399.png]
[help.semafora-systems.com/clip0400.png]
[help.semafora-systems.com/clip0401.png]
[help.semafora-systems.com/clip0402.png]
[help.semafora-systems.com/clip0403.png]
[help.semafora-systems.com/clip0404.png]
[help.semafora-systems.com/clip0406.png]
[help.semafora-systems.com/clip0408.png]
[help.semafora-systems.com/clip0409.png]
[help.semafora-systems.com/clip0410.png]
[help.semafora-systems.com/clip0411.png]
[help.semafora-systems.com/clip0412.png]
[help.semafora-systems.com/clip0413.png]
[help.semafora-systems.com/clip0418.png]
[help.semafora-systems.com/creating_a_report_with_birt.html]
[help.semafora-systems.com/index8625.html]
[help.semafora-systems.com/deploying_a_report_on_tomcat.html]
[help.semafora-systems.com/index2888.html]
[help.semafora-systems.com/clip0420.png]
[help.semafora-systems.com/input_parameters_for_birt.html]
[help.semafora-systems.com/indexd78c.html]
[help.semafora-systems.com/clip0421.png]
[help.semafora-systems.com/clip0422.png]
[help.semafora-systems.com/clip0423.png]
[help.semafora-systems.com/clip0424.png]
[help.semafora-systems.com/clip0425.png]
[help.semafora-systems.com/clip0426.png]
[help.semafora-systems.com/clip0451.png]
[help.semafora-systems.com/clip0427.png]
[help.semafora-systems.com/clip0429.png]
[help.semafora-systems.com/clip0430.png]
[help.semafora-systems.com/clip0431.png]
[help.semafora-systems.com/clip0432.png]
[help.semafora-systems.com/clip0433.png]
[help.semafora-systems.com/clip0434.png]
[help.semafora-systems.com/clip0435.png]
[help.semafora-systems.com/clip0436.png]
[help.semafora-systems.com/clip0437.png]
[help.semafora-systems.com/clip0438.png]
[help.semafora-systems.com/clip0439.png]
[help.semafora-systems.com/clip0440.png]
[help.semafora-systems.com/clip0441.png]
[help.semafora-systems.com/clip0442.png]
[help.semafora-systems.com/clip0443.png]
[help.semafora-systems.com/clip0444.png]
[help.semafora-systems.com/clip0445.png]
[help.semafora-systems.com/clip0446.png]
[help.semafora-systems.com/clip0447.png]
[help.semafora-systems.com/clip0448.png]
[help.semafora-systems.com/clip0449.png]
[help.semafora-systems.com/clip0450.png]
[help.semafora-systems.com/creating_a_report_displaying_a.html]
[help.semafora-systems.com/index7d74.html]
[help.semafora-systems.com/f_logic_perspective.html]
[help.semafora-systems.com/indexb8e0.html]
[help.semafora-systems.com/clip0063.png]
[help.semafora-systems.com/ontology_navigator.html]
[help.semafora-systems.com/index8f27.html]
[help.semafora-systems.com/clip0056.png]
[help.semafora-systems.com/clip0057.png]
[help.semafora-systems.com/clip0058.png]
[help.semafora-systems.com/clip0059.png]
[help.semafora-systems.com/clip0061.png]
[help.semafora-systems.com/clip0062.png]
[help.semafora-systems.com/clip0529.png]
[help.semafora-systems.com/clip0175.png]
[help.semafora-systems.com/clip0530.png]
[help.semafora-systems.com/entity_properties.html]
[help.semafora-systems.com/indexec71.html]
[help.semafora-systems.com/clip0064.png]
[help.semafora-systems.com/clip0524.png]
[help.semafora-systems.com/clip0075.png]
[help.semafora-systems.com/clip0065.png]
[help.semafora-systems.com/clip0066.png]
[help.semafora-systems.com/metainfo.png]
[help.semafora-systems.com/objectlogic_concepts.html]
[help.semafora-systems.com/indexb1c4.html]
[help.semafora-systems.com/clip0068.png]
[help.semafora-systems.com/clip0069.png]
[help.semafora-systems.com/attribute.png]
[help.semafora-systems.com/relation.png]
[help.semafora-systems.com/clip0070.png]
[help.semafora-systems.com/objectlogic_instances.html]
[help.semafora-systems.com/index5c2c.html]
[help.semafora-systems.com/clip0067.png]
[help.semafora-systems.com/owl_prop.png]
[help.semafora-systems.com/rdf_prop.png]
[help.semafora-systems.com/clip0527.png]
[help.semafora-systems.com/objectlogic_relations.html]
[help.semafora-systems.com/index327a.html]
[help.semafora-systems.com/clip0086.png]
[help.semafora-systems.com/clip0087.png]
[help.semafora-systems.com/clip0088.png]
[help.semafora-systems.com/ontology_validation.html]
[help.semafora-systems.com/indexdda4.html]
[help.semafora-systems.com/clip0089.png]
[help.semafora-systems.com/clip0090.png]
[help.semafora-systems.com/f_logic_editor.html]
[help.semafora-systems.com/index5af1.html]
[help.semafora-systems.com/clip0078.png]
[help.semafora-systems.com/clip0079.png]
[help.semafora-systems.com/ontology_visualizer.html]
[help.semafora-systems.com/index5353.html]
[help.semafora-systems.com/clip0080.png]
[help.semafora-systems.com/clip0081.png]
[help.semafora-systems.com/clip0083.png]
[help.semafora-systems.com/clip0084.png]
[help.semafora-systems.com/graph_view.html]
[help.semafora-systems.com/indexab57.html]
[help.semafora-systems.com/clip0304.png]
[help.semafora-systems.com/clip0305.png]
[help.semafora-systems.com/clip0306.png]
[help.semafora-systems.com/collaboration.html]
[help.semafora-systems.com/index1d69.html]
[help.semafora-systems.com/clip0541.png]
[help.semafora-systems.com/clip0321.png]
[help.semafora-systems.com/clip0325.png]
[help.semafora-systems.com/clip0326.png]
[help.semafora-systems.com/clip0327.png]
[help.semafora-systems.com/clip0328.png]
[help.semafora-systems.com/clip0329.png]
[help.semafora-systems.com/webservices.html]
[help.semafora-systems.com/index1d81.html]
[help.semafora-systems.com/clip0269.png]
[help.semafora-systems.com/clip0479.png]
[help.semafora-systems.com/clip0537.png]
[help.semafora-systems.com/clip0538.png]
[help.semafora-systems.com/graphical_rule_editor.html]
[help.semafora-systems.com/indexe0bb.html]
[help.semafora-systems.com/clip0254.png]
[help.semafora-systems.com/clip0255.png]
[help.semafora-systems.com/clip0256.png]
[help.semafora-systems.com/rule_activation.html]
[help.semafora-systems.com/indexf47e.html]
[help.semafora-systems.com/clip0263.png]
[help.semafora-systems.com/clip0264.png]
[help.semafora-systems.com/clip0266.png]
[help.semafora-systems.com/explanation_editor.html]
[help.semafora-systems.com/index433f.html]
[help.semafora-systems.com/clip0283.png]
[help.semafora-systems.com/materialization_of_rules.html]
[help.semafora-systems.com/clip0284.png]
[help.semafora-systems.com/index9457.html]
[help.semafora-systems.com/1_conceptcompletion.png]
[help.semafora-systems.com/2_relationcompletion.png]
[help.semafora-systems.com/3_connectedrelation.png]
[help.semafora-systems.com/4_attributecompletion.png]
[help.semafora-systems.com/5_enteringattributevalue.png]
[help.semafora-systems.com/6_setasconclusion.png]
[help.semafora-systems.com/7_finalrule.png]
[help.semafora-systems.com/8_aggregationexample.png]
[help.semafora-systems.com/9_builtinexample.png]
[help.semafora-systems.com/graphical_rule_editor2.html]
[help.semafora-systems.com/indexef88.html]
[help.semafora-systems.com/clip0155.png]
[help.semafora-systems.com/clip0156.png]
[help.semafora-systems.com/rule_debug_perspective.html]
[help.semafora-systems.com/index84c5.html]
[help.semafora-systems.com/clip0161.png]
[help.semafora-systems.com/clip0162.png]
[help.semafora-systems.com/rule_graph.html]
[help.semafora-systems.com/indexb49f.html]
[help.semafora-systems.com/clip0160.png]
[help.semafora-systems.com/clip0159.png]
[help.semafora-systems.com/rule_body_view.html]
[help.semafora-systems.com/index7991.html]
[help.semafora-systems.com/clip0163.png]
[help.semafora-systems.com/tuples.html]
[help.semafora-systems.com/index82e2.html]
[help.semafora-systems.com/clip0158.png]
[help.semafora-systems.com/debug_monitor.html]
[help.semafora-systems.com/index7ae1.html]
[help.semafora-systems.com/aufnahme2.png]
[help.semafora-systems.com/clip0258.png]
[help.semafora-systems.com/clip0262.png]
[help.semafora-systems.com/creating_and_executing_a_query.html]
[help.semafora-systems.com/index94d0.html]
[help.semafora-systems.com/clip0259.png]
[help.semafora-systems.com/reading_and_editing.html]
[help.semafora-systems.com/indexa6dd.html]
[help.semafora-systems.com/clip0483.png]
[help.semafora-systems.com/editing_options.html]
[help.semafora-systems.com/index0e78.html]
[help.semafora-systems.com/embim1.png]
[help.semafora-systems.com/clip0268.png]
[help.semafora-systems.com/embim2.png]
[help.semafora-systems.com/clip0482.png]
[help.semafora-systems.com/query_results.html]
[help.semafora-systems.com/index9633.html]
[help.semafora-systems.com/clip554.png]
[help.semafora-systems.com/copying_rules.html]
[help.semafora-systems.com/indexc368.html]
[help.semafora-systems.com/clip0543.png]
[help.semafora-systems.com/clip0542.png]
[help.semafora-systems.com/clip0275.png]
[help.semafora-systems.com/textual_queries.html]
[help.semafora-systems.com/indexbed7.html]
[help.semafora-systems.com/clip0276.png]
[help.semafora-systems.com/clip0277.png]
[help.semafora-systems.com/clip0278.png]
[help.semafora-systems.com/clip0486.png]
[help.semafora-systems.com/clip0281.png]
[help.semafora-systems.com/clip0487.png]
[help.semafora-systems.com/regression_test_runner.html]
[help.semafora-systems.com/index5784.html]
[help.semafora-systems.com/clip0166.png]
[help.semafora-systems.com/clip0164.png]
[help.semafora-systems.com/opt_result.png]
[help.semafora-systems.com/genetic_optimize.html]
[help.semafora-systems.com/index9222.html]
[help.semafora-systems.com/clip0174.png]
[help.semafora-systems.com/clip0492.png]
[help.semafora-systems.com/clip0525.png]
[help.semafora-systems.com/clip0526.png]
[help.semafora-systems.com/optimization_results.html]
[help.semafora-systems.com/indexee26.html]
[help.semafora-systems.com/import_function.html]
[help.semafora-systems.com/index412c.html]
[help.semafora-systems.com/clip0176.png]
[help.semafora-systems.com/clip0177.png]
[help.semafora-systems.com/clip0178.png]
[help.semafora-systems.com/clip0179.png]
[help.semafora-systems.com/clip0180.png]
[help.semafora-systems.com/clip0181.png]
[help.semafora-systems.com/file_system_import.html]
[help.semafora-systems.com/index7c8f.html]
[help.semafora-systems.com/clip0183.png]
[help.semafora-systems.com/clip0186.png]
[help.semafora-systems.com/clip0187.png]
[help.semafora-systems.com/clip0539.png]
[help.semafora-systems.com/clip0189.png]
[help.semafora-systems.com/webdav_import.html]
[help.semafora-systems.com/index1e7d.html]
[help.semafora-systems.com/clip0191.png]
[help.semafora-systems.com/edit_webdav.html]
[help.semafora-systems.com/indexd0ac.html]
[help.semafora-systems.com/database_schema_import.html]
[help.semafora-systems.com/indexffd9.html]
[help.semafora-systems.com/clip0192.png]
[help.semafora-systems.com/clip0193.png]
[help.semafora-systems.com/clip0194.png]
[help.semafora-systems.com/clip0196.png]
[help.semafora-systems.com/clip0199.png]
[help.semafora-systems.com/importing_a_database_schema.html]
[help.semafora-systems.com/index91eb.html]
[help.semafora-systems.com/editing_a_database_connection.html]
[help.semafora-systems.com/index0871.html]
[help.semafora-systems.com/adding_new_schemas_and_tables.html]
[help.semafora-systems.com/indexfe32.html]
[help.semafora-systems.com/installing_jdbc_driver.html]
[help.semafora-systems.com/index9b35.html]
[help.semafora-systems.com/importing_oracle_rdf.html]
[help.semafora-systems.com/indexbf14.html]
[help.semafora-systems.com/clip0211.png]
[help.semafora-systems.com/clip0212.png]
[help.semafora-systems.com/clip0213.png]
[help.semafora-systems.com/clip0214.png]
[help.semafora-systems.com/meta_data_import.html]
[help.semafora-systems.com/index6b05.html]
[help.semafora-systems.com/clip0205.png]
[help.semafora-systems.com/clip0206.png]
[help.semafora-systems.com/clip0207.png]
[help.semafora-systems.com/clip0208.png]
[help.semafora-systems.com/clip0209.png]
[help.semafora-systems.com/clip0210.png]
[help.semafora-systems.com/outlook_import.html]
[help.semafora-systems.com/indexa54a.html]
[help.semafora-systems.com/clip0200.png]
[help.semafora-systems.com/clip0201.png]
[help.semafora-systems.com/clip0202.png]
[help.semafora-systems.com/clip0204.png]
[help.semafora-systems.com/ob_schema_import.html]
[help.semafora-systems.com/index2bae.html]
[help.semafora-systems.com/clip0219.png]
[help.semafora-systems.com/clip0220.png]
[help.semafora-systems.com/clip0221.png]
[help.semafora-systems.com/clip0222.png]
[help.semafora-systems.com/uml_import.html]
[help.semafora-systems.com/indexb386.html]
[help.semafora-systems.com/clip0515.png]
[help.semafora-systems.com/clip0516.png]
[help.semafora-systems.com/clip0517.png]
[help.semafora-systems.com/clip0518.png]
[help.semafora-systems.com/how_to_visualize_an_ontology_v.html]
[help.semafora-systems.com/indexd0ad.html]
[help.semafora-systems.com/export_function.html]
[help.semafora-systems.com/index8afc.html]
[help.semafora-systems.com/clip0236.png]
[help.semafora-systems.com/clip0237.png]
[help.semafora-systems.com/clip0238.png]
[help.semafora-systems.com/clip0239.png]
[help.semafora-systems.com/clip0240.png]
[help.semafora-systems.com/file_system_export.html]
[help.semafora-systems.com/index1844.html]
[help.semafora-systems.com/clip0241.png]
[help.semafora-systems.com/clip0242.png]
[help.semafora-systems.com/clip0243.png]
[help.semafora-systems.com/clip0244.png]
[help.semafora-systems.com/clip0245.png]
[help.semafora-systems.com/export_webdav.html]
[help.semafora-systems.com/index4ac8.html]
[help.semafora-systems.com/clip0248.png]
[help.semafora-systems.com/clip0249.png]
[help.semafora-systems.com/clip0250.png]
[help.semafora-systems.com/clip0251.png]
[help.semafora-systems.com/export_uml.html]
[help.semafora-systems.com/index2a7e.html]
[help.semafora-systems.com/clip0373.png]
[help.semafora-systems.com/clip0372.png]
[help.semafora-systems.com/clip558.png]
[help.semafora-systems.com/clip563.png]
[help.semafora-systems.com/clip0374.png]
[help.semafora-systems.com/clip565.png]
[help.semafora-systems.com/clip0375.png]
[help.semafora-systems.com/clip0376.png]
[help.semafora-systems.com/clip0378.png]
[help.semafora-systems.com/clip0379.png]
[help.semafora-systems.com/clip0380.png]
[help.semafora-systems.com/clip0382.png]
[help.semafora-systems.com/clip0383.png]
[help.semafora-systems.com/clip0390.png]
[help.semafora-systems.com/clip0391.png]
[help.semafora-systems.com/clip0386.png]
[help.semafora-systems.com/clip0387.png]
[help.semafora-systems.com/clip0388.png]
[help.semafora-systems.com/clip0389.png]
[help.semafora-systems.com/clip566.png]
[help.semafora-systems.com/mapping.html]
[help.semafora-systems.com/indexd757.html]
[help.semafora-systems.com/clip0289.png]
[help.semafora-systems.com/clip0291.png]
[help.semafora-systems.com/clip0292.png]
[help.semafora-systems.com/clip0293.png]
[help.semafora-systems.com/clip0294.png]
[help.semafora-systems.com/clip0295.png]
[help.semafora-systems.com/clip0296.png]
[help.semafora-systems.com/clip0299.png]
[help.semafora-systems.com/clip0300.png]
[help.semafora-systems.com/excel_annotation.html]
[help.semafora-systems.com/index5d08.html]
[help.semafora-systems.com/jonas.ow2.org/JONAS_5_2_0_M1/doc/doc-en/pdf/howto_install_jdbc_driver.pdf]
[help.semafora-systems.com/installation_process.html]
[help.semafora-systems.com/indexfa93.html]
[help.semafora-systems.com/ontology_languages.html]
[help.semafora-systems.com/index7119.html]
[help.semafora-systems.com/introduction.html]
[help.semafora-systems.com/index2ebf.html]
[help.semafora-systems.com/new_and_noteworthy.html]
[help.semafora-systems.com/index2a0c.html]
[help.semafora-systems.com/configuration_rdf.html]
[help.semafora-systems.com/indexb9d1.html]
[help.semafora-systems.com/api_2.html]
[help.semafora-systems.com/index2541.html]
[help.semafora-systems.com/by_example.html]
[help.semafora-systems.com/index5450.html]
[help.semafora-systems.com/sparql_query.html]
[help.semafora-systems.com/indexf179.html]
[help.semafora-systems.com/boolean_queries.html]
[help.semafora-systems.com/indexa01e.html]
[help.semafora-systems.com/graph_queries.html]
[help.semafora-systems.com/indexc923.html]
[help.semafora-systems.com/sparql_update.html]
[help.semafora-systems.com/index4639.html]
[help.semafora-systems.com/factory_overview.html]
[help.semafora-systems.com/index9910.html]
[help.semafora-systems.com/supported_formats.html]
[help.semafora-systems.com/index8854.html]
[help.semafora-systems.com/internal_model_and_round_tripp.html]
[help.semafora-systems.com/index911e.html]
[help.semafora-systems.com/inferencing.html]
[help.semafora-systems.com/index8999.html]
[help.semafora-systems.com/sparql_rdf.html]
[help.semafora-systems.com/index9e23.html]
[help.semafora-systems.com/error_handling.html]
[help.semafora-systems.com/indexb1a8.html]
[help.semafora-systems.com/standard_conformance.html]
[help.semafora-systems.com/index59ba.html]
[help.semafora-systems.com/extension_functions.html]
[help.semafora-systems.com/indexf653.html]
[help.semafora-systems.com/extended_query_options.html]
[help.semafora-systems.com/index13e5.html]
[help.semafora-systems.com/sparql_endpoint.html]
[help.semafora-systems.com/indexc903.html]
[help.semafora-systems.com/queries.html]
[help.semafora-systems.com/index69ec.html]
[help.semafora-systems.com/updates.html]
[help.semafora-systems.com/indexb1c1.html]
[help.semafora-systems.com/frage.gif]
[help.semafora-systems.com/faq.html]
[help.semafora-systems.com/index03ff.html]
[help.semafora-systems.com/ontobroker_gui.html]
[help.semafora-systems.com/index37dc.html]
[help.semafora-systems.com/aufnahme1.png]
[help.semafora-systems.com/aufnahme3.png]
[help.semafora-systems.com/aufnahme30.png]
[help.semafora-systems.com/aufnahme4.png]
[help.semafora-systems.com/aufnahme5.png]
[help.semafora-systems.com/aufnahme6.png]
[help.semafora-systems.com/aufnahme7.png]
[help.semafora-systems.com/aufnahme8.png]
[help.semafora-systems.com/aufnahme9.png]
[help.semafora-systems.com/aufnahme10.png]
[help.semafora-systems.com/aufnahme11.png]
[help.semafora-systems.com/aufnahme12.png]
[help.semafora-systems.com/aufnahme13.png]
[help.semafora-systems.com/aufnahme14.png]
[help.semafora-systems.com/aufnahme15.png]
[help.semafora-systems.com/adminsitration_console.html]
[help.semafora-systems.com/index157c.html]
[help.semafora-systems.com/aufnahme17.png]
[help.semafora-systems.com/aufnahme16.png]
[help.semafora-systems.com/aufnahme18.png]
[help.semafora-systems.com/aufnahme19.png]
[help.semafora-systems.com/clip0038_ob.png]
[help.semafora-systems.com/clip0039_ob.png]
[help.semafora-systems.com/clip0040_ob.png]
[help.semafora-systems.com/clip0041_ob.png]
[help.semafora-systems.com/clip0042_ob.png]
[help.semafora-systems.com/webconsole.html]
[help.semafora-systems.com/index4f21.html]
[help.semafora-systems.com/aufnahme20.png]
[help.semafora-systems.com/aufnahme21.png]
[help.semafora-systems.com/aufnahme22.png]
[help.semafora-systems.com/aufnahme23.png]
[help.semafora-systems.com/aufnahme24.png]
[help.semafora-systems.com/flo2obl1.png]
[help.semafora-systems.com/converting_ontologies.html]
[help.semafora-systems.com/index93c3.html]
[help.semafora-systems.com/storage_systems.html]
[help.semafora-systems.com/indexa5e3.html]
[help.semafora-systems.com/data_integration.html]
[help.semafora-systems.com/index6bc7.html]
[help.semafora-systems.com/clip0044_ob.png]
[help.semafora-systems.com/clip0045_ob.png]
[help.semafora-systems.com/clip0046_ob.png]
[help.semafora-systems.com/integration_scenario.html]
[help.semafora-systems.com/indexe353.html]
[help.semafora-systems.com/supported_common_datatypes.html]
[help.semafora-systems.com/index39be.html]
[help.semafora-systems.com/web_service_connector.html]
[help.semafora-systems.com/indexb727.html]
[help.semafora-systems.com/sparql_connectors.html]
[help.semafora-systems.com/indexb1e4.html]
[help.semafora-systems.com/supported_import_formats.html]
[help.semafora-systems.com/indexb7d0.html]
[help.semafora-systems.com/query_languages_for_f_logic_on.html]
[help.semafora-systems.com/index9c53.html]
[help.semafora-systems.com/f_logic.html]
[help.semafora-systems.com/index4cde.html]
[help.semafora-systems.com/query_options.html]
[help.semafora-systems.com/index36c1.html]
[help.semafora-systems.com/handling_of_null_values.html]
[help.semafora-systems.com/index36bb.html]
[help.semafora-systems.com/ordering_query_results.html]
[help.semafora-systems.com/indexbdfa.html]
[help.semafora-systems.com/sorting_query_results.html]
[help.semafora-systems.com/indexf854.html]
[help.semafora-systems.com/skip_sending_answers.html]
[help.semafora-systems.com/indexf53e.html]
[help.semafora-systems.com/limit_the_number_of_results.html]
[help.semafora-systems.com/indexca1a.html]
[help.semafora-systems.com/tracing_and_debugging.html]
[help.semafora-systems.com/index6027.html]
[help.semafora-systems.com/turn_inferencing_off.html]
[help.semafora-systems.com/indexc15e.html]
[help.semafora-systems.com/adminconsole_profile.png]
[help.semafora-systems.com/profile.html]
[help.semafora-systems.com/indexf177.html]
[help.semafora-systems.com/ignore_imports.html]
[help.semafora-systems.com/index6fbd.html]
[help.semafora-systems.com/distinct.html]
[help.semafora-systems.com/index7aff.html]
[help.semafora-systems.com/offset.html]
[help.semafora-systems.com/index6a19.html]
[help.semafora-systems.com/maximal_query_evaluation_time.html]
[help.semafora-systems.com/indexfeb5.html]
[help.semafora-systems.com/tracing_and_profiling.html]
[help.semafora-systems.com/index3f69.html]
[help.semafora-systems.com/add_an_evaluation_method.html]
[help.semafora-systems.com/index83ef.html]
[help.semafora-systems.com/provenance_option_for_queries.html]
[help.semafora-systems.com/index1977.html]
[help.semafora-systems.com/query_option_explain.html]
[help.semafora-systems.com/indexfef8.html]
[help.semafora-systems.com/userrulesoff.html]
[help.semafora-systems.com/index9c55.html]
[help.semafora-systems.com/query_option_reduced.html]
[help.semafora-systems.com/index1175.html]
[help.semafora-systems.com/query_option_profileall.html]
[help.semafora-systems.com/indexf676.html]
[help.semafora-systems.com/sparql.html]
[help.semafora-systems.com/index5fe6.html]
[help.semafora-systems.com/run_queries_by_query_id.html]
[help.semafora-systems.com/indexa8e0.html]
[help.semafora-systems.com/rif.html]
[help.semafora-systems.com/index0869.html]
[help.semafora-systems.com/overview.html]
[help.semafora-systems.com/indexdf50.html]
[help.semafora-systems.com/mappingrif.html]
[help.semafora-systems.com/index03e3.html]
[help.semafora-systems.com/annotations_and_formula_ids.html]
[help.semafora-systems.com/index3fd1.html]
[help.semafora-systems.com/forall_closing.html]
[help.semafora-systems.com/index332b.html]
[help.semafora-systems.com/modules.html]
[help.semafora-systems.com/indexc161.html]
[help.semafora-systems.com/unsupported_objectlogic_featur.html]
[help.semafora-systems.com/index54b8.html]
[help.semafora-systems.com/allowed_rif_formulas.html]
[help.semafora-systems.com/indexf1c3.html]
[help.semafora-systems.com/partially_supported_rif_featur.html]
[help.semafora-systems.com/indexf919.html]
[help.semafora-systems.com/unsupported_rif_features.html]
[help.semafora-systems.com/indexa3c9.html]
[help.semafora-systems.com/import.html]
[help.semafora-systems.com/indexa7b8.html]
[help.semafora-systems.com/export.html]
[help.semafora-systems.com/index1478.html]
[help.semafora-systems.com/project_files.html]
[help.semafora-systems.com/index7cdb.html]
[help.semafora-systems.com/basic_examples.html]
[help.semafora-systems.com/indexe532.html]
[help.semafora-systems.com/load_an_ontology_file_into_a_s.html]
[help.semafora-systems.com/indexc1c2.html]
[help.semafora-systems.com/performance_optimization_with_.html]
[help.semafora-systems.com/index73c7.html]
[help.semafora-systems.com/materialization.html]
[help.semafora-systems.com/index1d0b.html]
[help.semafora-systems.com/basic_usage.html]
[help.semafora-systems.com/index7c8c.html]
[help.semafora-systems.com/standard_materialization.html]
[help.semafora-systems.com/index0bcb.html]
[help.semafora-systems.com/updatable_materialization.html]
[help.semafora-systems.com/index8a06.html]
[help.semafora-systems.com/materialization_commands.html]
[help.semafora-systems.com/index3752.html]
[help.semafora-systems.com/trace_the_materialization.html]
[help.semafora-systems.com/index4a1b.html]
[help.semafora-systems.com/all_configuration_options.html]
[help.semafora-systems.com/index309d.html]
[help.semafora-systems.com/materialization_with_the_api.html]
[help.semafora-systems.com/index94b6.html]
[help.semafora-systems.com/materialization_of_standard_ax.html]
[help.semafora-systems.com/indexf530.html]
[help.semafora-systems.com/interfaces_to_ontobroker.html]
[help.semafora-systems.com/indexd27d.html]
[help.semafora-systems.com/socket_client_api.html]
[help.semafora-systems.com/index385a.html]
[help.semafora-systems.com/ontobroker_java_api.html]
[help.semafora-systems.com/indexd64b.html]
[help.semafora-systems.com/ontology_management.html]
[help.semafora-systems.com/index9899.html]
[help.semafora-systems.com/retrieval.html]
[help.semafora-systems.com/indexbcdd.html]
[help.semafora-systems.com/queries_java_obs.html]
[help.semafora-systems.com/index0340.html]
[help.semafora-systems.com/requests.html]
[help.semafora-systems.com/indexb921.html]
[help.semafora-systems.com/concept_hierarchy.html]
[help.semafora-systems.com/index1e63.html]
[help.semafora-systems.com/modifications.html]
[help.semafora-systems.com/indexa33b.html]
[help.semafora-systems.com/datamodel_listener.html]
[help.semafora-systems.com/indexb1b2.html]
[help.semafora-systems.com/clip001_ob_api.png]
[help.semafora-systems.com/autocomplete.html]
[help.semafora-systems.com/index5dd0.html]
[help.semafora-systems.com/clip002_ob_api_progress.png]
[help.semafora-systems.com/progress_listener.html]
[help.semafora-systems.com/indexf809.html]
[help.semafora-systems.com/namespaces_and_modules.html]
[help.semafora-systems.com/index2cb7.html]
[help.semafora-systems.com/ontobroker_and_web_services_so.html]
[help.semafora-systems.com/indexf945.html]
[help.semafora-systems.com/web_service_operations.html]
[help.semafora-systems.com/index25b4.html]
[help.semafora-systems.com/details_about_query_input_and_.html]
[help.semafora-systems.com/indexa9ad.html]
[help.semafora-systems.com/deployment.html]
[help.semafora-systems.com/indexc36c.html]
[help.semafora-systems.com/load_balancing_for_web_service.html]
[help.semafora-systems.com/index43e5.html]
[help.semafora-systems.com/paging_support_for_web_service.html]
[help.semafora-systems.com/index3f9d.html]
[help.semafora-systems.com/_extensions_directory_to_deplo.html]
[help.semafora-systems.com/index4009.html]
[help.semafora-systems.com/web_service_interface.html]
[help.semafora-systems.com/indexa185.html]
[help.semafora-systems.com/accessing_web_service_with__ne.html]
[help.semafora-systems.com/index0aa1.html]
[help.semafora-systems.com/accessing_web_service_with_jav.html]
[help.semafora-systems.com/indexdd57.html]
[help.semafora-systems.com/using_the_extension_api_to_dev.html]
[help.semafora-systems.com/index1f1a.html]
[help.semafora-systems.com/making_new_built_ins_known_to_.html]
[help.semafora-systems.com/indexbfb2.html]
[help.semafora-systems.com/extensions_directory_to_deploy.html]
[help.semafora-systems.com/indexe17f.html]
[help.semafora-systems.com/0001.png]
[help.semafora-systems.com/0002.png]
[help.semafora-systems.com/0003.png]
[help.semafora-systems.com/0004.png]
[help.semafora-systems.com/0005.png]
[help.semafora-systems.com/0006.png]
[help.semafora-systems.com/0007.png]
[help.semafora-systems.com/writing_a_built_in_for_ontobro.html]
[help.semafora-systems.com/index6ad8.html]
[help.semafora-systems.com/the_isnumber_example_built_in.html]
[help.semafora-systems.com/index439e.html]
[help.semafora-systems.com/the_multiply_example_built_in.html]
[help.semafora-systems.com/index4237.html]
[help.semafora-systems.com/a_connector_built_in.html]
[help.semafora-systems.com/indexe714.html]
[help.semafora-systems.com/important_note_for_datatype_co.html]
[help.semafora-systems.com/indexd7a0.html]
[help.semafora-systems.com/important_note_for_floating_po.html]
[help.semafora-systems.com/indexf779.html]
[help.semafora-systems.com/important_note_for_number_usag.html]
[help.semafora-systems.com/index3ec0.html]
[help.semafora-systems.com/list_of_possible_signature_typ.html]
[help.semafora-systems.com/indexb807.html]
[help.semafora-systems.com/list_of_predefined_grounds.html]
[help.semafora-systems.com/index386a.html]
[help.semafora-systems.com/developing_own_rewriters.html]
[help.semafora-systems.com/index8664.html]
[help.semafora-systems.com/extensions_directory_to_deplo2.html]
[help.semafora-systems.com/index3c8f.html]
[help.semafora-systems.com/extensions_directory_to_deplo3.html]
[help.semafora-systems.com/index95d8.html]
[help.semafora-systems.com/uima.html]
[help.semafora-systems.com/index2b7f.html]
[help.semafora-systems.com/use_cases.html]
[help.semafora-systems.com/indexb6f9.html]
[help.semafora-systems.com/using_ontobroker_as_cas_consum.html]
[help.semafora-systems.com/index6550.html]
[help.semafora-systems.com/cas_consumer_deployment.html]
[help.semafora-systems.com/index535f.html]
[help.semafora-systems.com/importing_uima_facts_into_a_do.html]
[help.semafora-systems.com/indexaf6b.html]
[help.semafora-systems.com/role_based_security.html]
[help.semafora-systems.com/index57b3.html]
[help.semafora-systems.com/role_based_security2.html]
[help.semafora-systems.com/index6431.html]
[help.semafora-systems.com/realms.html]
[help.semafora-systems.com/indexa480.html]
[help.semafora-systems.com/module_permissions.html]
[help.semafora-systems.com/index2034.html]
[help.semafora-systems.com/property_permissions.html]
[help.semafora-systems.com/index93e7.html]
[help.semafora-systems.com/basic_configuration.html]
[help.semafora-systems.com/index5840.html]
[help.semafora-systems.com/authentication_login.html]
[help.semafora-systems.com/index95cb.html]
[help.semafora-systems.com/configuration_of_the_security_.html]
[help.semafora-systems.com/index8b4c.html]
[help.semafora-systems.com/clip0001ob.png]
[help.semafora-systems.com/clip0001_ob.png]
[help.semafora-systems.com/modeling_the_security_module_r.html]
[help.semafora-systems.com/indexe154.html]
[help.semafora-systems.com/mapping_groups_and_roles_from_.html]
[help.semafora-systems.com/index2289.html]
[help.semafora-systems.com/access_restrictions_for_comman.html]
[help.semafora-systems.com/index527f.html]
[help.semafora-systems.com/support_for_multiple_principal.html]
[help.semafora-systems.com/index1908.html]
[help.semafora-systems.com/other_access_restrictions.html]
[help.semafora-systems.com/index780c.html]
[help.semafora-systems.com/permissions.html]
[help.semafora-systems.com/index627e.html]
[help.semafora-systems.com/custom_permissions.html]
[help.semafora-systems.com/index33e3.html]
[help.semafora-systems.com/hmtoggle_plus1.gif]
[help.semafora-systems.com/hmtoggle_plus0.gif]
[help.semafora-systems.com/terminology_glossary.html]
[help.semafora-systems.com/indexfa6a.html]
[help.semafora-systems.com/configuring_ontobroker.html]
[help.semafora-systems.com/index7548.html]
[help.semafora-systems.com/aufna1.png]
[help.semafora-systems.com/aufna3.png]
[help.semafora-systems.com/ontobroker_server.htm]
[help.semafora-systems.com/aufna4.png]
[help.semafora-systems.com/configuration_gui.html]
[help.semafora-systems.com/indexedcb.html]
[help.semafora-systems.com/parallelization_settings.html]
[help.semafora-systems.com/index11d2.html]
[help.semafora-systems.com/genetic_optimizer.html]
[help.semafora-systems.com/indexd220.html]
[help.semafora-systems.com/eliminateduplicates.html]
[help.semafora-systems.com/indexa30e.html]
[help.semafora-systems.com/conceptnamesground.html]
[help.semafora-systems.com/indexfb84.html]
[help.semafora-systems.com/attributenamesground.html]
[help.semafora-systems.com/indexb851.html]
[help.semafora-systems.com/wellfounded_evaluation.html]
[help.semafora-systems.com/index5825.html]
[help.semafora-systems.com/using_ontobroker_with_a_persis.html]
[help.semafora-systems.com/index5f75.html]
[help.semafora-systems.com/configuration.html]
[help.semafora-systems.com/index4569.html]
[help.semafora-systems.com/database_file_layout.html]
[help.semafora-systems.com/index66e9.html]
[help.semafora-systems.com/configuration_values_for_perfo.html]
[help.semafora-systems.com/index0b4c.html]
[help.semafora-systems.com/backup.html]
[help.semafora-systems.com/index2c18.html]
[help.semafora-systems.com/online_backup.html]
[help.semafora-systems.com/index84a2.html]
[help.semafora-systems.com/configuration_switches_for_the.html]
[help.semafora-systems.com/index8dc3.html]
[help.semafora-systems.com/ontobroker_performance_tuning.html]
[help.semafora-systems.com/index07b1.html]
[help.semafora-systems.com/evaluation_methods.html]
[help.semafora-systems.com/index2720.html]
[help.semafora-systems.com/bottomup.html]
[help.semafora-systems.com/index3d6e.html]
[help.semafora-systems.com/magicset.html]
[help.semafora-systems.com/index938c.html]
[help.semafora-systems.com/disjunctivemagicset.html]
[help.semafora-systems.com/index8abc.html]
[help.semafora-systems.com/dynamicfiltering2.html]
[help.semafora-systems.com/index40ae.html]
[help.semafora-systems.com/choose.html]
[help.semafora-systems.com/index983e.html]
[help.semafora-systems.com/bottomup_evaluators.html]
[help.semafora-systems.com/index568f.html]
[help.semafora-systems.com/bottomup__evaluator.html]
[help.semafora-systems.com/index5d1b.html]
[help.semafora-systems.com/dbbottomup_evaluator.html]
[help.semafora-systems.com/indexdb81.html]
[help.semafora-systems.com/choosing_a_storage_system_eval.html]
[help.semafora-systems.com/index544c.html]
[help.semafora-systems.com/persistent_storage_systems.html]
[help.semafora-systems.com/index53ef.html]
[help.semafora-systems.com/ram_storage_systems.html]
[help.semafora-systems.com/index6454.html]
[help.semafora-systems.com/config_optimizer.html]
[help.semafora-systems.com/indexed28.html]
[help.semafora-systems.com/optimizers.html]
[help.semafora-systems.com/indexb470.html]
[help.semafora-systems.com/eliminate_redundant_literals.html]
[help.semafora-systems.com/index9c26.html]
[help.semafora-systems.com/propagate_constraints.html]
[help.semafora-systems.com/index9e6c.html]
[help.semafora-systems.com/strong_unfolder.html]
[help.semafora-systems.com/indexbc4d.html]
[help.semafora-systems.com/equal_unify_rewriter.html]
[help.semafora-systems.com/indexa033.html]
[help.semafora-systems.com/shrinkdbaccess_rewriter_for_ex.html]
[help.semafora-systems.com/index84f2.html]
[help.semafora-systems.com/fltosqlrewriter_rewriter_for_e.html]
[help.semafora-systems.com/indexf540.html]
[help.semafora-systems.com/rewriter_for_propagation_of_gr.html]
[help.semafora-systems.com/index7488.html]
[help.semafora-systems.com/schema_optimizer.html]
[help.semafora-systems.com/index23d2.html]
[help.semafora-systems.com/eliminate_bodies.html]
[help.semafora-systems.com/index90a6.html]
[help.semafora-systems.com/frameoptimizer.html]
[help.semafora-systems.com/index7a07.html]
[help.semafora-systems.com/rewriter_for_transitivity_rule.html]
[help.semafora-systems.com/indexa57c.html]
[help.semafora-systems.com/mergeimports.html]
[help.semafora-systems.com/index8eec.html]
[help.semafora-systems.com/optimize_the_sequence_of_body_.html]
[help.semafora-systems.com/indexd6dc.html]
[help.semafora-systems.com/use_the_genetic_optimizer.html]
[help.semafora-systems.com/index88db.html]
[help.semafora-systems.com/hillclimbing_optimizer.html]
[help.semafora-systems.com/index3eb9.html]
[help.semafora-systems.com/bodyordering.html]
[help.semafora-systems.com/index0056.html]
[help.semafora-systems.com/tracing_the_evaluation_process.html]
[help.semafora-systems.com/index1181.html]
[help.semafora-systems.com/use_materialization_of_rules_a.html]
[help.semafora-systems.com/indexeb74.html]
[help.semafora-systems.com/rule_management.html]
[help.semafora-systems.com/indexb304.html]
[help.semafora-systems.com/explanation_query.png]
[help.semafora-systems.com/explanation_results.png]
[help.semafora-systems.com/explanations.html]
[help.semafora-systems.com/indexd5e7.html]
[help.semafora-systems.com/file_encodings_and_unicode.html]
[help.semafora-systems.com/indexddd2.html]
[help.semafora-systems.com/launching_ontobroker.html]
[help.semafora-systems.com/indexd2c9.html]
[help.semafora-systems.com/new_configuration_parameters.html]
[help.semafora-systems.com/indexbaa0.html]
[help.semafora-systems.com/use_the_ontobroker_server_from.html]
[help.semafora-systems.com/index8a81.html]
[help.semafora-systems.com/server_commands.html]
[help.semafora-systems.com/index4884.html]
[help.semafora-systems.com/basic_commands.html]
[help.semafora-systems.com/index1eb6.html]
[help.semafora-systems.com/prepared_queries2.html]
[help.semafora-systems.com/index4684.html]
[help.semafora-systems.com/optimizer_commands.html]
[help.semafora-systems.com/indexc972.html]
[help.semafora-systems.com/server_commands_for_configurat.html]
[help.semafora-systems.com/index4fc3.html]
[help.semafora-systems.com/load_save.html]
[help.semafora-systems.com/index3128.html]
[help.semafora-systems.com/drop_module.html]
[help.semafora-systems.com/index42fd.html]
[help.semafora-systems.com/delete_rule.html]
[help.semafora-systems.com/index443f.html]
[help.semafora-systems.com/sessions_in_ontobroker.html]
[help.semafora-systems.com/indexb864.html]
[help.semafora-systems.com/execute_groovy_scripts.html]
[help.semafora-systems.com/index4f29.html]
[help.semafora-systems.com/query_tool.html]
[help.semafora-systems.com/index839e.html]
[help.semafora-systems.com/clip0059_ob.png]
[help.semafora-systems.com/ontobroker_tools.html]
[help.semafora-systems.com/index946b.html]
[help.semafora-systems.com/ontology_transformation.html]
[help.semafora-systems.com/index91d1.html]
[help.semafora-systems.com/throughput_benchmark.html]
[help.semafora-systems.com/indexdbea.html]
[help.semafora-systems.com/range_restricted_rules.html]
[help.semafora-systems.com/index278a.html]
[help.semafora-systems.com/built_ins_new.html]
[help.semafora-systems.com/index978d.html]
[help.semafora-systems.com/information_about__queryindex_.html]
[help.semafora-systems.com/index0c61.html]
[help.semafora-systems.com/objectlogic_built_ins.html]
[help.semafora-systems.com/index16ee.html]
[help.semafora-systems.com/general_syntactic_changes.html]
[help.semafora-systems.com/index3b21.html]
[help.semafora-systems.com/data_types_.html]
[help.semafora-systems.com/indexb965.html]
[help.semafora-systems.com/properties_settings.html]
[help.semafora-systems.com/index6622.html]
[help.semafora-systems.com/start_up_settings.html]
[help.semafora-systems.com/indexfe65.html]
[help.semafora-systems.com/optimizer_settings.html]
[help.semafora-systems.com/index2b8e.html]
[help.semafora-systems.com/tracing_and_debugging_settings.html]
[help.semafora-systems.com/indexc162.html]
[help.semafora-systems.com/performance_related_settings.html]
[help.semafora-systems.com/indexfe97.html]
[help.semafora-systems.com/security_authentication__autho.html]
[help.semafora-systems.com/index646a.html]
[help.semafora-systems.com/parallelization_settings2.html]
[help.semafora-systems.com/index6fac.html]
[help.semafora-systems.com/materialization_settings.html]
[help.semafora-systems.com/index253e.html]
[help.semafora-systems.com/logging_related_settings.html]
[help.semafora-systems.com/index8c73.html]
[help.semafora-systems.com/server_settings.html]
[help.semafora-systems.com/index8e4a.html]
[help.semafora-systems.com/h__storage_options.html]
[help.semafora-systems.com/index0e16.html]
[help.semafora-systems.com/fulltext_indexer_settings.html]
[help.semafora-systems.com/index1c79.html]
[help.semafora-systems.com/custom_index_fields2.html]
[help.semafora-systems.com/index8939.html]
[help.semafora-systems.com/connector_cache_options.html]
[help.semafora-systems.com/index2477.html]
[help.semafora-systems.com/logging_configuration.html]
[help.semafora-systems.com/indexede0.html]
[help.semafora-systems.com/event_and_user_action_logging.html]
[help.semafora-systems.com/index1f2c.html]
[help.semafora-systems.com/logging1.png]
[help.semafora-systems.com/step_by_step_guide.html]
[help.semafora-systems.com/indexea10.html]
[help.semafora-systems.com/removed_ontology_language_from.html]
[help.semafora-systems.com/index40f5.html]
[help.semafora-systems.com/query_id_as_identifier_in_body.html]
[help.semafora-systems.com/index107d.html]
[help.semafora-systems.com/changed_behavior_related_to_di.html]
[help.semafora-systems.com/index56e4.html]
[help.semafora-systems.com/backward_incompatibility_for_o.html]
[help.semafora-systems.com/index6b3f.html]
[help.semafora-systems.com/changed_term_tostring_to_retur.html]
[help.semafora-systems.com/index7f50.html]
[help.semafora-systems.com/ontology_deleted_event_on_clos.html]
[help.semafora-systems.com/indexa604.html]
[help.semafora-systems.com/custom_datatypes.html]
[help.semafora-systems.com/index4837.html]
[help.semafora-systems.com/deactivated_swrl_support_.html]
[help.semafora-systems.com/indexa1b3.html]
[help.semafora-systems.com/excel_connector.html]
[help.semafora-systems.com/index6873.html]
[help.semafora-systems.com/changes_in_metadata_attribute_.html]
[help.semafora-systems.com/index672a.html]
[help.semafora-systems.com/module_information_is_now_prov.html]
[help.semafora-systems.com/indexcbd8.html]
[help.semafora-systems.com/ob_connector.html]
[help.semafora-systems.com/indexf92a.html]
[help.semafora-systems.com/removed_f_logic_releated_metho.html]
[help.semafora-systems.com/indexb97e.html]
[help.semafora-systems.com/ol_rdf_transformation.html]
[help.semafora-systems.com/index9cb8.html]
[help.semafora-systems.com/optimizer_parameter_changed.html]
[help.semafora-systems.com/index5f1d.html]
[help.semafora-systems.com/loading_owl_in_objectlogic_ont.html]
[help.semafora-systems.com/indexd495.html]
[help.semafora-systems.com/transformation_between_owl_and.html]
[help.semafora-systems.com/indexee8c.html]
[help.semafora-systems.com/rdfs_axiomatization.html]
[help.semafora-systems.com/indexd889.html]
[help.semafora-systems.com/rdfs_axiomatization2.html]
[help.semafora-systems.com/indexd1a1.html]
[help.semafora-systems.com/removed_kaon2_based_owl_reason.html]
[help.semafora-systems.com/indexc120.html]
[help.semafora-systems.com/removed_ontology_language_fro2.html]
[help.semafora-systems.com/index6930.html]
[help.semafora-systems.com/supported_syntax_on_the_api_le.html]
[help.semafora-systems.com/indexbecd.html]
[help.semafora-systems.com/removed_ontology_language_info.html]
[help.semafora-systems.com/index3b29.html]
[help.semafora-systems.com/removed_ontology_from_uriutili.html]
[help.semafora-systems.com/index6b6c.html]
[help.semafora-systems.com/sparql_blank_nodes.html]
[help.semafora-systems.com/index5cf8.html]
[help.semafora-systems.com/sparql_in_objectlogic.html]
[help.semafora-systems.com/index0cd7.html]
[help.semafora-systems.com/sparql_in_objectlogic2.html]
[help.semafora-systems.com/index1938.html]
[help.semafora-systems.com/snapshot_commands.html]
[help.semafora-systems.com/indexa7c3.html]
[help.semafora-systems.com/transformation_between_owl_an2.html]
[help.semafora-systems.com/indexdee3.html]
[help.semafora-systems.com/updated_to_owl_api_3_2.html]
[help.semafora-systems.com/indexff37.html]
[help.semafora-systems.com/transformation_between_owl_an3.html]
[help.semafora-systems.com/indexf69a.html]
[help.semafora-systems.com/database_schema_import_changed.html]
[help.semafora-systems.com/index475f.html]
[help.semafora-systems.com/querydefinition_distinguishedv.html]
[help.semafora-systems.com/index8343.html]
[help.semafora-systems.com/connector_tuple_cache_changes_.html]
[help.semafora-systems.com/index0ce3.html]
[help.semafora-systems.com/connector_tracing_options_were.html]
[help.semafora-systems.com/index4370.html]
[help.semafora-systems.com/example.html]
[help.semafora-systems.com/index044c.html]
[help.semafora-systems.com/syntax__basic_statements_.html]
[help.semafora-systems.com/indexa069.html]
[help.semafora-systems.com/schema_level_statements_.html]
[help.semafora-systems.com/index8a14.html]
[help.semafora-systems.com/subclass_of_statements_.html]
[help.semafora-systems.com/index4c2b.html]
[help.semafora-systems.com/classes_without_any_methods_.html]
[help.semafora-systems.com/indexcf6c.html]
[help.semafora-systems.com/signature_statements_.html]
[help.semafora-systems.com/indexa7fb.html]
[help.semafora-systems.com/instance_level_statements_.html]
[help.semafora-systems.com/indexaaba.html]
[help.semafora-systems.com/instance_of_statements_.html]
[help.semafora-systems.com/indexf3bc.html]
[help.semafora-systems.com/signature_statements_on_instan.html]
[help.semafora-systems.com/indexc3f8.html]
[help.semafora-systems.com/f_molecules_.html]
[help.semafora-systems.com/indexd8bf.html]
[help.semafora-systems.com/predicates.html]
[help.semafora-systems.com/indexeef7.html]
[help.semafora-systems.com/basic_syntax_elements.html]
[help.semafora-systems.com/indexa411.html]
[help.semafora-systems.com/terms_.html]
[help.semafora-systems.com/indexdb08.html]
[help.semafora-systems.com/lists.html]
[help.semafora-systems.com/indexad6a.html]
[help.semafora-systems.com/examples.html]
[help.semafora-systems.com/index2179.html]
[help.semafora-systems.com/namespaces_in_objectlogic_.html]
[help.semafora-systems.com/indexba40.html]
[help.semafora-systems.com/declaring_namespaces_.html]
[help.semafora-systems.com/index4907.html]
[help.semafora-systems.com/default_namespace_.html]
[help.semafora-systems.com/index65eb.html]
[help.semafora-systems.com/using_namespaces_in_objectlogi.html]
[help.semafora-systems.com/index0f6f.html]
[help.semafora-systems.com/querying_for_namespaces_.html]
[help.semafora-systems.com/index7589.html]
[help.semafora-systems.com/built_in_features_.html]
[help.semafora-systems.com/index6696.html]
[help.semafora-systems.com/numbers__comparisons_and_arith.html]
[help.semafora-systems.com/indexeb3a.html]
[help.semafora-systems.com/string_handling_.html]
[help.semafora-systems.com/index9d57.html]
[help.semafora-systems.com/aggregations_objectlogic_counting.png]
[help.semafora-systems.com/aggregations_.html]
[help.semafora-systems.com/index57f9.html]
[help.semafora-systems.com/rules_and_queries_.html]
[help.semafora-systems.com/indexc176.html]
[help.semafora-systems.com/rules.html]
[help.semafora-systems.com/indexc781.html]
[help.semafora-systems.com/queries_tut.html]
[help.semafora-systems.com/indexf9ec.html]
[help.semafora-systems.com/range_restriction_.html]
[help.semafora-systems.com/indexdeae.html]
[help.semafora-systems.com/quantifier_scoping_.html]
[help.semafora-systems.com/indexcbf8.html]
[help.semafora-systems.com/modules_.html]
[help.semafora-systems.com/index23c1.html]
[help.semafora-systems.com/taxonomy.html]
[help.semafora-systems.com/indexaff1.html]
[help.semafora-systems.com/query.html]
[help.semafora-systems.com/index54aa.html]
[help.semafora-systems.com/transitivity_of_subclass_relat.html]
[help.semafora-systems.com/index1d52.html]
[help.semafora-systems.com/query_options_tut.html]
[help.semafora-systems.com/index78f8.html]
[help.semafora-systems.com/property.html]
[help.semafora-systems.com/index22f9.html]
[help.semafora-systems.com/attribute.html]
[help.semafora-systems.com/index0441.html]
[help.semafora-systems.com/data_types.html]
[help.semafora-systems.com/index96fe.html]
[help.semafora-systems.com/geographic_coordinates.html]
[help.semafora-systems.com/index7c66.html]
[help.semafora-systems.com/relations.html]
[help.semafora-systems.com/index218b.html]
[help.semafora-systems.com/individuals.html]
[help.semafora-systems.com/index29af.html]
[help.semafora-systems.com/property_values.html]
[help.semafora-systems.com/index45f5.html]
[help.semafora-systems.com/rules_tut.html]
[help.semafora-systems.com/index5a58.html]
[help.semafora-systems.com/namespaces.html]
[help.semafora-systems.com/indexe3f6.html]
[help.semafora-systems.com/paths.html]
[help.semafora-systems.com/index4ed9.html]
[help.semafora-systems.com/modules_tut.html]
[help.semafora-systems.com/indexcfa9.html]
[help.semafora-systems.com/built_in_features.html]
[help.semafora-systems.com/index3ece.html]
[help.semafora-systems.com/constraints_tut.html]
[help.semafora-systems.com/index7ef2.html]
[help.semafora-systems.com/annotations.html]
[help.semafora-systems.com/indexa111.html]
[help.semafora-systems.com/annotations_for_objectlogic_mo.html]
[help.semafora-systems.com/index0103.html]
[help.semafora-systems.com/constants.html]
[help.semafora-systems.com/indexf9c4.html]
[help.semafora-systems.com/variables.html]
[help.semafora-systems.com/index7a25.html]
[help.semafora-systems.com/functions_tut.html]
[help.semafora-systems.com/index25d3.html]
[help.semafora-systems.com/lists_tutorial.html]
[help.semafora-systems.com/index97fd.html]
[help.semafora-systems.com/map_data_type.html]
[help.semafora-systems.com/index375b.html]
[help.semafora-systems.com/null_value.html]
[help.semafora-systems.com/indexa7da.html]
[help.semafora-systems.com/anonymous_oids.html]
[help.semafora-systems.com/index5a5d.html]
[help.semafora-systems.com/current_module_tut.html]
[help.semafora-systems.com/indexe976.html]
[help.semafora-systems.com/indexf027.html]
[help.semafora-systems.com/index61d2.html]
[help.semafora-systems.com/index91a9.html]
[help.semafora-systems.com/index2446.html]
[help.semafora-systems.com/indexfdaa.html]
[help.semafora-systems.com/indexb143.html]
[help.semafora-systems.com/indexc8cf.html]
[help.semafora-systems.com/indexf815.html]
[help.semafora-systems.com/index0fde.html]
[help.semafora-systems.com/index9ffe.html]
[help.semafora-systems.com/index2710.html]
[help.semafora-systems.com/index3efc.html]
[help.semafora-systems.com/indexf0cf.html]
[help.semafora-systems.com/index8b87.html]
[help.semafora-systems.com/index7798.html]
[help.semafora-systems.com/indexa232.html]
[help.semafora-systems.com/indexb5a5.html]
[help.semafora-systems.com/index4e0a.html]
[help.semafora-systems.com/index8625.html]
[help.semafora-systems.com/index2888.html]
[help.semafora-systems.com/indexd78c.html]
[help.semafora-systems.com/index7d74.html]
[help.semafora-systems.com/indexb8e0.html]
[help.semafora-systems.com/index8f27.html]
[help.semafora-systems.com/indexec71.html]
[help.semafora-systems.com/indexb1c4.html]
[help.semafora-systems.com/index5c2c.html]
[help.semafora-systems.com/index327a.html]
[help.semafora-systems.com/indexdda4.html]
[help.semafora-systems.com/index5af1.html]
[help.semafora-systems.com/index5353.html]
[help.semafora-systems.com/indexab57.html]
[help.semafora-systems.com/index1d69.html]
[help.semafora-systems.com/index1d81.html]
[help.semafora-systems.com/indexe0bb.html]
[help.semafora-systems.com/indexf47e.html]
[help.semafora-systems.com/index433f.html]
[help.semafora-systems.com/index9457.html]
[help.semafora-systems.com/indexef88.html]
[help.semafora-systems.com/index84c5.html]
[help.semafora-systems.com/indexb49f.html]
[help.semafora-systems.com/index7991.html]
[help.semafora-systems.com/index82e2.html]
[help.semafora-systems.com/index7ae1.html]
[help.semafora-systems.com/index94d0.html]
[help.semafora-systems.com/indexa6dd.html]
[help.semafora-systems.com/index0e78.html]
[help.semafora-systems.com/index9633.html]
[help.semafora-systems.com/indexc368.html]
[help.semafora-systems.com/indexbed7.html]
[help.semafora-systems.com/index5784.html]
[help.semafora-systems.com/index9222.html]
[help.semafora-systems.com/indexee26.html]
[help.semafora-systems.com/index412c.html]
[help.semafora-systems.com/index7c8f.html]
[help.semafora-systems.com/index1e7d.html]
[help.semafora-systems.com/indexd0ac.html]
[help.semafora-systems.com/indexffd9.html]
[help.semafora-systems.com/index91eb.html]
[help.semafora-systems.com/index0871.html]
[help.semafora-systems.com/indexfe32.html]
[help.semafora-systems.com/index9b35.html]
[help.semafora-systems.com/indexbf14.html]
[help.semafora-systems.com/index6b05.html]
[help.semafora-systems.com/indexa54a.html]
[help.semafora-systems.com/index2bae.html]
[help.semafora-systems.com/indexb386.html]
[help.semafora-systems.com/indexd0ad.html]
[help.semafora-systems.com/index8afc.html]
[help.semafora-systems.com/index1844.html]
[help.semafora-systems.com/index4ac8.html]
[help.semafora-systems.com/index2a7e.html]
[help.semafora-systems.com/indexd757.html]
[help.semafora-systems.com/index5d08.html]
[help.semafora-systems.com/jonas.ow2.org/JONAS_5_2_0_M1/doc/doc-en/pdf/howto_install_jdbc_driver.html]
[help.semafora-systems.com/indexfa93.html]
[help.semafora-systems.com/index7119.html]
[help.semafora-systems.com/index2ebf.html]
[help.semafora-systems.com/index2a0c.html]
[help.semafora-systems.com/indexb9d1.html]
[help.semafora-systems.com/index2541.html]
[help.semafora-systems.com/index5450.html]
[help.semafora-systems.com/indexf179.html]
[help.semafora-systems.com/indexa01e.html]
[help.semafora-systems.com/indexc923.html]
[help.semafora-systems.com/index4639.html]
[help.semafora-systems.com/index9910.html]
[help.semafora-systems.com/index8854.html]
[help.semafora-systems.com/index911e.html]
[help.semafora-systems.com/index8999.html]
[help.semafora-systems.com/index9e23.html]
[help.semafora-systems.com/indexb1a8.html]
[help.semafora-systems.com/index59ba.html]
[help.semafora-systems.com/indexf653.html]
[help.semafora-systems.com/index13e5.html]
[help.semafora-systems.com/indexc903.html]
[help.semafora-systems.com/index69ec.html]
[help.semafora-systems.com/indexb1c1.html]
[help.semafora-systems.com/index03ff.html]
[help.semafora-systems.com/index37dc.html]
[help.semafora-systems.com/index157c.html]
[help.semafora-systems.com/index4f21.html]
[help.semafora-systems.com/index93c3.html]
[help.semafora-systems.com/indexa5e3.html]
[help.semafora-systems.com/index6bc7.html]
[help.semafora-systems.com/indexe353.html]
[help.semafora-systems.com/index39be.html]
[help.semafora-systems.com/indexb727.html]
[help.semafora-systems.com/indexb1e4.html]
[help.semafora-systems.com/indexb7d0.html]
[help.semafora-systems.com/index9c53.html]
[help.semafora-systems.com/index4cde.html]
[help.semafora-systems.com/index36c1.html]
[help.semafora-systems.com/index36bb.html]
[help.semafora-systems.com/indexbdfa.html]
[help.semafora-systems.com/indexf854.html]
[help.semafora-systems.com/indexf53e.html]
[help.semafora-systems.com/indexca1a.html]
[help.semafora-systems.com/index6027.html]
[help.semafora-systems.com/indexc15e.html]
[help.semafora-systems.com/indexf177.html]
[help.semafora-systems.com/index6fbd.html]
[help.semafora-systems.com/index7aff.html]
[help.semafora-systems.com/index6a19.html]
[help.semafora-systems.com/indexfeb5.html]
[help.semafora-systems.com/index3f69.html]
[help.semafora-systems.com/index83ef.html]
[help.semafora-systems.com/index1977.html]
[help.semafora-systems.com/indexfef8.html]
[help.semafora-systems.com/index9c55.html]
[help.semafora-systems.com/index1175.html]
[help.semafora-systems.com/indexf676.html]
[help.semafora-systems.com/index5fe6.html]
[help.semafora-systems.com/indexa8e0.html]
[help.semafora-systems.com/index0869.html]
[help.semafora-systems.com/indexdf50.html]
[help.semafora-systems.com/index03e3.html]
[help.semafora-systems.com/index3fd1.html]
[help.semafora-systems.com/index332b.html]
[help.semafora-systems.com/indexc161.html]
[help.semafora-systems.com/index54b8.html]
[help.semafora-systems.com/indexf1c3.html]
[help.semafora-systems.com/indexf919.html]
[help.semafora-systems.com/indexa3c9.html]
[help.semafora-systems.com/indexa7b8.html]
[help.semafora-systems.com/index1478.html]
[help.semafora-systems.com/index7cdb.html]
[help.semafora-systems.com/indexe532.html]
[help.semafora-systems.com/indexc1c2.html]
[help.semafora-systems.com/index73c7.html]
[help.semafora-systems.com/index1d0b.html]
[help.semafora-systems.com/index7c8c.html]
[help.semafora-systems.com/index0bcb.html]
[help.semafora-systems.com/index8a06.html]
[help.semafora-systems.com/index3752.html]
[help.semafora-systems.com/index4a1b.html]
[help.semafora-systems.com/index309d.html]
[help.semafora-systems.com/index94b6.html]
[help.semafora-systems.com/indexf530.html]
[help.semafora-systems.com/indexd27d.html]
[help.semafora-systems.com/index385a.html]
[help.semafora-systems.com/indexd64b.html]
[help.semafora-systems.com/index9899.html]
[help.semafora-systems.com/indexbcdd.html]
[help.semafora-systems.com/index0340.html]
[help.semafora-systems.com/indexb921.html]
[help.semafora-systems.com/index1e63.html]
[help.semafora-systems.com/indexa33b.html]
[help.semafora-systems.com/indexb1b2.html]
[help.semafora-systems.com/index5dd0.html]
[help.semafora-systems.com/indexf809.html]
[help.semafora-systems.com/index2cb7.html]
[help.semafora-systems.com/indexf945.html]
[help.semafora-systems.com/index25b4.html]
[help.semafora-systems.com/indexa9ad.html]
[help.semafora-systems.com/indexc36c.html]
[help.semafora-systems.com/index43e5.html]
[help.semafora-systems.com/index3f9d.html]
[help.semafora-systems.com/index4009.html]
[help.semafora-systems.com/indexa185.html]
[help.semafora-systems.com/index0aa1.html]
[help.semafora-systems.com/indexdd57.html]
[help.semafora-systems.com/index1f1a.html]
[help.semafora-systems.com/indexbfb2.html]
[help.semafora-systems.com/indexe17f.html]
[help.semafora-systems.com/index6ad8.html]
[help.semafora-systems.com/index439e.html]
[help.semafora-systems.com/index4237.html]
[help.semafora-systems.com/indexe714.html]
[help.semafora-systems.com/indexd7a0.html]
[help.semafora-systems.com/indexf779.html]
[help.semafora-systems.com/index3ec0.html]
[help.semafora-systems.com/indexb807.html]
[help.semafora-systems.com/index386a.html]
[help.semafora-systems.com/index8664.html]
[help.semafora-systems.com/index3c8f.html]
[help.semafora-systems.com/index95d8.html]
[help.semafora-systems.com/index2b7f.html]
[help.semafora-systems.com/indexb6f9.html]
[help.semafora-systems.com/index6550.html]
[help.semafora-systems.com/index535f.html]
[help.semafora-systems.com/indexaf6b.html]
[help.semafora-systems.com/index57b3.html]
[help.semafora-systems.com/index6431.html]
[help.semafora-systems.com/indexa480.html]
[help.semafora-systems.com/index2034.html]
[help.semafora-systems.com/index93e7.html]
[help.semafora-systems.com/index5840.html]
[help.semafora-systems.com/index95cb.html]
[help.semafora-systems.com/index8b4c.html]
[help.semafora-systems.com/indexe154.html]
[help.semafora-systems.com/index2289.html]
[help.semafora-systems.com/index527f.html]
[help.semafora-systems.com/index1908.html]
[help.semafora-systems.com/index780c.html]
[help.semafora-systems.com/index627e.html]
[help.semafora-systems.com/index33e3.html]
[help.semafora-systems.com/indexfa6a.html]
[help.semafora-systems.com/index7548.html]
[help.semafora-systems.com/ontobroker_server.html]
[help.semafora-systems.com/indexedcb.html]
[help.semafora-systems.com/index11d2.html]
[help.semafora-systems.com/indexd220.html]
[help.semafora-systems.com/indexa30e.html]
[help.semafora-systems.com/indexfb84.html]
[help.semafora-systems.com/indexb851.html]
[help.semafora-systems.com/index5825.html]
[help.semafora-systems.com/index5f75.html]
[help.semafora-systems.com/index4569.html]
[help.semafora-systems.com/index66e9.html]
[help.semafora-systems.com/index0b4c.html]
[help.semafora-systems.com/index2c18.html]
[help.semafora-systems.com/index84a2.html]
[help.semafora-systems.com/index8dc3.html]
[help.semafora-systems.com/index07b1.html]
[help.semafora-systems.com/index2720.html]
[help.semafora-systems.com/index3d6e.html]
[help.semafora-systems.com/index938c.html]
[help.semafora-systems.com/index8abc.html]
[help.semafora-systems.com/index40ae.html]
[help.semafora-systems.com/index983e.html]
[help.semafora-systems.com/index568f.html]
[help.semafora-systems.com/index5d1b.html]
[help.semafora-systems.com/indexdb81.html]
[help.semafora-systems.com/index544c.html]
[help.semafora-systems.com/index53ef.html]
[help.semafora-systems.com/index6454.html]
[help.semafora-systems.com/indexed28.html]
[help.semafora-systems.com/indexb470.html]
[help.semafora-systems.com/index9c26.html]
[help.semafora-systems.com/index9e6c.html]
[help.semafora-systems.com/indexbc4d.html]
[help.semafora-systems.com/indexa033.html]
[help.semafora-systems.com/index84f2.html]
[help.semafora-systems.com/indexf540.html]
[help.semafora-systems.com/index7488.html]
[help.semafora-systems.com/index23d2.html]
[help.semafora-systems.com/index90a6.html]
[help.semafora-systems.com/index7a07.html]
[help.semafora-systems.com/indexa57c.html]
[help.semafora-systems.com/index8eec.html]
[help.semafora-systems.com/indexd6dc.html]
[help.semafora-systems.com/index88db.html]
[help.semafora-systems.com/index3eb9.html]
[help.semafora-systems.com/index0056.html]
[help.semafora-systems.com/index1181.html]
[help.semafora-systems.com/indexeb74.html]
[help.semafora-systems.com/indexb304.html]
[help.semafora-systems.com/indexd5e7.html]
[help.semafora-systems.com/indexddd2.html]
[help.semafora-systems.com/indexd2c9.html]
[help.semafora-systems.com/indexbaa0.html]
[help.semafora-systems.com/index8a81.html]
[help.semafora-systems.com/index4884.html]
[help.semafora-systems.com/index1eb6.html]
[help.semafora-systems.com/index4684.html]
[help.semafora-systems.com/indexc972.html]
[help.semafora-systems.com/index4fc3.html]
[help.semafora-systems.com/index3128.html]
[help.semafora-systems.com/index42fd.html]
[help.semafora-systems.com/index443f.html]
[help.semafora-systems.com/indexb864.html]
[help.semafora-systems.com/index4f29.html]
[help.semafora-systems.com/index839e.html]
[help.semafora-systems.com/index946b.html]
[help.semafora-systems.com/index91d1.html]
[help.semafora-systems.com/indexdbea.html]
[help.semafora-systems.com/index278a.html]
[help.semafora-systems.com/index978d.html]
[help.semafora-systems.com/index0c61.html]
[help.semafora-systems.com/index16ee.html]
[help.semafora-systems.com/index3b21.html]
[help.semafora-systems.com/indexb965.html]
[help.semafora-systems.com/index6622.html]
[help.semafora-systems.com/indexfe65.html]
[help.semafora-systems.com/index2b8e.html]
[help.semafora-systems.com/indexc162.html]
[help.semafora-systems.com/indexfe97.html]
[help.semafora-systems.com/index646a.html]
[help.semafora-systems.com/index6fac.html]
[help.semafora-systems.com/index253e.html]
[help.semafora-systems.com/index8c73.html]
[help.semafora-systems.com/index8e4a.html]
[help.semafora-systems.com/index0e16.html]
[help.semafora-systems.com/index1c79.html]
[help.semafora-systems.com/index8939.html]
[help.semafora-systems.com/index2477.html]
[help.semafora-systems.com/indexede0.html]
[help.semafora-systems.com/index1f2c.html]
[help.semafora-systems.com/indexea10.html]
[help.semafora-systems.com/index40f5.html]
[help.semafora-systems.com/index107d.html]
[help.semafora-systems.com/index56e4.html]
[help.semafora-systems.com/index6b3f.html]
[help.semafora-systems.com/index7f50.html]
[help.semafora-systems.com/indexa604.html]
[help.semafora-systems.com/index4837.html]
[help.semafora-systems.com/indexa1b3.html]
[help.semafora-systems.com/index6873.html]
[help.semafora-systems.com/index672a.html]
[help.semafora-systems.com/indexcbd8.html]
[help.semafora-systems.com/indexf92a.html]
[help.semafora-systems.com/indexb97e.html]
[help.semafora-systems.com/index9cb8.html]
[help.semafora-systems.com/index5f1d.html]
[help.semafora-systems.com/indexd495.html]
[help.semafora-systems.com/indexee8c.html]
[help.semafora-systems.com/indexd889.html]
[help.semafora-systems.com/indexd1a1.html]
[help.semafora-systems.com/indexc120.html]
[help.semafora-systems.com/index6930.html]
[help.semafora-systems.com/indexbecd.html]
[help.semafora-systems.com/index3b29.html]
[help.semafora-systems.com/index6b6c.html]
[help.semafora-systems.com/index5cf8.html]
[help.semafora-systems.com/index0cd7.html]
[help.semafora-systems.com/index1938.html]
[help.semafora-systems.com/indexa7c3.html]
[help.semafora-systems.com/indexdee3.html]
[help.semafora-systems.com/indexff37.html]
[help.semafora-systems.com/indexf69a.html]
[help.semafora-systems.com/index475f.html]
[help.semafora-systems.com/index8343.html]
[help.semafora-systems.com/index0ce3.html]
[help.semafora-systems.com/index4370.html]
[help.semafora-systems.com/index044c.html]
[help.semafora-systems.com/indexa069.html]
[help.semafora-systems.com/index8a14.html]
[help.semafora-systems.com/index4c2b.html]
[help.semafora-systems.com/indexcf6c.html]
[help.semafora-systems.com/indexa7fb.html]
[help.semafora-systems.com/indexaaba.html]
[help.semafora-systems.com/indexf3bc.html]
[help.semafora-systems.com/indexc3f8.html]
[help.semafora-systems.com/indexd8bf.html]
[help.semafora-systems.com/indexeef7.html]
[help.semafora-systems.com/indexa411.html]
[help.semafora-systems.com/indexdb08.html]
[help.semafora-systems.com/indexad6a.html]
[help.semafora-systems.com/index2179.html]
[help.semafora-systems.com/indexba40.html]
[help.semafora-systems.com/index4907.html]
[help.semafora-systems.com/index65eb.html]
[help.semafora-systems.com/index0f6f.html]
[help.semafora-systems.com/index7589.html]
[help.semafora-systems.com/index6696.html]
[help.semafora-systems.com/indexeb3a.html]
[help.semafora-systems.com/index9d57.html]
[help.semafora-systems.com/index57f9.html]
[help.semafora-systems.com/indexc176.html]
[help.semafora-systems.com/indexc781.html]
[help.semafora-systems.com/indexf9ec.html]
[help.semafora-systems.com/indexdeae.html]
[help.semafora-systems.com/indexcbf8.html]
[help.semafora-systems.com/index23c1.html]
[help.semafora-systems.com/indexaff1.html]
[help.semafora-systems.com/index54aa.html]
[help.semafora-systems.com/index1d52.html]
[help.semafora-systems.com/index78f8.html]
[help.semafora-systems.com/index22f9.html]
[help.semafora-systems.com/index0441.html]
[help.semafora-systems.com/index96fe.html]
[help.semafora-systems.com/index7c66.html]
[help.semafora-systems.com/index218b.html]
[help.semafora-systems.com/index29af.html]
[help.semafora-systems.com/index45f5.html]
[help.semafora-systems.com/index5a58.html]
[help.semafora-systems.com/indexe3f6.html]
[help.semafora-systems.com/index4ed9.html]
[help.semafora-systems.com/indexcfa9.html]
[help.semafora-systems.com/index3ece.html]
[help.semafora-systems.com/index7ef2.html]
[help.semafora-systems.com/indexa111.html]
[help.semafora-systems.com/index0103.html]
[help.semafora-systems.com/indexf9c4.html]
[help.semafora-systems.com/index7a25.html]
[help.semafora-systems.com/index25d3.html]
[help.semafora-systems.com/index97fd.html]
[help.semafora-systems.com/index375b.html]
[help.semafora-systems.com/indexa7da.html]
[help.semafora-systems.com/index5a5d.html]
